Component: ARM Compiler 5.06 update 6 (build 750) Tool: armlink [4d35ed]

==============================================================================

Image Symbol Table

    Local Symbols

    Symbol Name                              Value     Ov Type        Size  Object(Section)

    RESET                                    0x00000000   Section      192  startup_hc32l13x.o(RESET)
    ../clib/microlib/division.c              0x00000000   Number         0  uldiv.o ABSOLUTE
    ../clib/microlib/division.c              0x00000000   Number         0  idiv.o ABSOLUTE
    ../clib/microlib/division.c              0x00000000   Number         0  uidiv.o ABSOLUTE
    ../clib/microlib/init/entry.s            0x00000000   Number         0  entry7b.o ABSOLUTE
    ../clib/microlib/init/entry.s            0x00000000   Number         0  entry8a.o ABSOLUTE
    ../clib/microlib/init/entry.s            0x00000000   Number         0  entry10b.o ABSOLUTE
    ../clib/microlib/init/entry.s            0x00000000   Number         0  entry2.o ABSOLUTE
    ../clib/microlib/init/entry.s            0x00000000   Number         0  entry8b.o ABSOLUTE
    ../clib/microlib/init/entry.s            0x00000000   Number         0  entry5.o ABSOLUTE
    ../clib/microlib/init/entry.s            0x00000000   Number         0  entry.o ABSOLUTE
    ../clib/microlib/init/entry.s            0x00000000   Number         0  entry9a.o ABSOLUTE
    ../clib/microlib/init/entry.s            0x00000000   Number         0  entry7a.o ABSOLUTE
    ../clib/microlib/init/entry.s            0x00000000   Number         0  entry10a.o ABSOLUTE
    ../clib/microlib/init/entry.s            0x00000000   Number         0  entry11b.o ABSOLUTE
    ../clib/microlib/init/entry.s            0x00000000   Number         0  entry9b.o ABSOLUTE
    ../clib/microlib/init/entry.s            0x00000000   Number         0  entry11a.o ABSOLUTE
    ../clib/microlib/longlong.c              0x00000000   Number         0  llsshr.o ABSOLUTE
    ../clib/microlib/longlong.c              0x00000000   Number         0  llushr.o ABSOLUTE
    ../clib/microlib/longlong.c              0x00000000   Number         0  llshl.o ABSOLUTE
    ../clib/microlib/printf/printf.c         0x00000000   Number         0  printfb.o ABSOLUTE
    ../clib/microlib/printf/printf.c         0x00000000   Number         0  printf0.o ABSOLUTE
    ../clib/microlib/printf/printf.c         0x00000000   Number         0  printf1.o ABSOLUTE
    ../clib/microlib/printf/printf.c         0x00000000   Number         0  printf2.o ABSOLUTE
    ../clib/microlib/printf/printf.c         0x00000000   Number         0  printf7.o ABSOLUTE
    ../clib/microlib/printf/printf.c         0x00000000   Number         0  printf3.o ABSOLUTE
    ../clib/microlib/printf/printf.c         0x00000000   Number         0  printf8.o ABSOLUTE
    ../clib/microlib/printf/printf.c         0x00000000   Number         0  printf5.o ABSOLUTE
    ../clib/microlib/printf/printf.c         0x00000000   Number         0  printfa.o ABSOLUTE
    ../clib/microlib/printf/printf.c         0x00000000   Number         0  printf4.o ABSOLUTE
    ../clib/microlib/printf/printf.c         0x00000000   Number         0  printf6.o ABSOLUTE
    ../clib/microlib/printf/stubs.s          0x00000000   Number         0  stubs.o ABSOLUTE
    ../clib/microlib/string/memcpy.c         0x00000000   Number         0  memcpyb.o ABSOLUTE
    ../clib/microlib/string/memcpy.c         0x00000000   Number         0  memcpya.o ABSOLUTE
    ../clib/microlib/string/memset.c         0x00000000   Number         0  memseta.o ABSOLUTE
    ../clib/microlib/stubs.s                 0x00000000   Number         0  iusefp.o ABSOLUTE
    ../clib/microlib/stubs.s                 0x00000000   Number         0  useno.o ABSOLUTE
    ../fplib/microlib/f2d.c                  0x00000000   Number         0  f2d.o ABSOLUTE
    ../fplib/microlib/fpadd.c                0x00000000   Number         0  fadd.o ABSOLUTE
    ../fplib/microlib/fpadd.c                0x00000000   Number         0  dadd.o ABSOLUTE
    ../fplib/microlib/fpdiv.c                0x00000000   Number         0  fdiv.o ABSOLUTE
    ../fplib/microlib/fpdiv.c                0x00000000   Number         0  ddiv.o ABSOLUTE
    ../fplib/microlib/fpepilogue.c           0x00000000   Number         0  fepilogue.o ABSOLUTE
    ../fplib/microlib/fpepilogue.c           0x00000000   Number         0  depilogue.o ABSOLUTE
    ../fplib/microlib/fpfix.c                0x00000000   Number         0  dfixul.o ABSOLUTE
    ../fplib/microlib/fpfix.c                0x00000000   Number         0  dfixui.o ABSOLUTE
    ../fplib/microlib/fpfix.c                0x00000000   Number         0  ffixui.o ABSOLUTE
    ../fplib/microlib/fpfix.c                0x00000000   Number         0  ffixi.o ABSOLUTE
    ../fplib/microlib/fpflt.c                0x00000000   Number         0  dfltui.o ABSOLUTE
[...]
    i.Sysctrl_SetHCLKDiv                     0x000052d4   Section        0  sysctrl.o(i.Sysctrl_SetHCLKDiv)
    i.Sysctrl_SetPCLKDiv                     0x000052fc   Section        0  sysctrl.o(i.Sysctrl_SetPCLKDiv)
    i.Sysctrl_SetPLLStableTime               0x00005324   Section        0  sysctrl.o(i.Sysctrl_SetPLLStableTime)
    i.Sysctrl_SetPeripheralGate              0x00005348   Section        0  sysctrl.o(i.Sysctrl_SetPeripheralGate)
    i.Sysctrl_SetRCHTrim                     0x00005360   Section        0  sysctrl.o(i.Sysctrl_SetRCHTrim)
    i.Sysctrl_SetRCLStableTime               0x00005388   Section        0  sysctrl.o(i.Sysctrl_SetRCLStableTime)
    i.Sysctrl_SetRCLTrim                     0x000053ac   Section        0  sysctrl.o(i.Sysctrl_SetRCLTrim)
    i.Sysctrl_SetXTHStableTime               0x000053d4   Section        0  sysctrl.o(i.Sysctrl_SetXTHStableTime)
    i.Sysctrl_SetXTLStableTime               0x000053f4   Section        0  sysctrl.o(i.Sysctrl_SetXTLStableTime)
    i.Sysctrl_SysClkSwitch                   0x00005414   Section        0  sysctrl.o(i.Sysctrl_SysClkSwitch)
    i.Sysctrl_XTHDriverCfg                   0x00005440   Section        0  sysctrl.o(i.Sysctrl_XTHDriverCfg)
    i.Sysctrl_XTLDriverCfg                   0x0000545c   Section        0  sysctrl.o(i.Sysctrl_XTLDriverCfg)
    i.SystemCoreClockUpdate                  0x00005490   Section        0  system_hc32l13x.o(i.SystemCoreClockUpdate)
    i.SystemInit                             0x000054a0   Section        0  system_hc32l13x.o(i.SystemInit)
    i.TIM0_IRQHandler                        0x000054a8   Section        0  interrupts_hc32l13x.o(i.TIM0_IRQHandler)
    i.TIM1_IRQHandler                        0x000054b0   Section        0  interrupts_hc32l13x.o(i.TIM1_IRQHandler)
    i.TIM2_IRQHandler                        0x000054b8   Section        0  interrupts_hc32l13x.o(i.TIM2_IRQHandler)
    i.TIM3_IRQHandler                        0x000054c0   Section        0  interrupts_hc32l13x.o(i.TIM3_IRQHandler)
    i.TIM4_IRQHandler                        0x000054c8   Section        0  interrupts_hc32l13x.o(i.TIM4_IRQHandler)
    i.TIM5_IRQHandler                        0x000054d0   Section        0  interrupts_hc32l13x.o(i.TIM5_IRQHandler)
    i.TIM6_IRQHandler                        0x000054d8   Section        0  interrupts_hc32l13x.o(i.TIM6_IRQHandler)
    i.Tim2_IRQHandler                        0x000054e0   Section        0  timer.o(i.Tim2_IRQHandler)
    i.UART0_IRQHandler                       0x00005504   Section        0  interrupts_hc32l13x.o(i.UART0_IRQHandler)
    i.UART1_IRQHandler                       0x0000550c   Section        0  interrupts_hc32l13x.o(i.UART1_IRQHandler)
    i.Uart1_IRQHandler                       0x00005514   Section        0  user_uart.o(i.Uart1_IRQHandler)
    i.Uart_CallBack                          0x000055cc   Section        0  uart_sever.o(i.Uart_CallBack)
    i.Uart_CancelError                       0x000055dc   Section        0  uart_sever.o(i.Uart_CancelError)
    i.Uart_ClrStatus                         0x000055f8   Section        0  uart.o(i.Uart_ClrStatus)
    i.Uart_EnableFunc                        0x0000560e   Section        0  uart.o(i.Uart_EnableFunc)
    i.Uart_EnableIrq                         0x00005622   Section        0  uart.o(i.Uart_EnableIrq)
    i.Uart_GetStatus                         0x00005636   Section        0  uart.o(i.Uart_GetStatus)
    i.Uart_Init                              0x00005650   Section        0  uart.o(i.Uart_Init)
    i.Uart_ReceiveData                       0x000056bc   Section        0  uart.o(i.Uart_ReceiveData)
    i.Uart_RunToSet                          0x000056c4   Section        0  uart_sever.o(i.Uart_RunToSet)
    i.Uart_SendDataPoll                      0x000056ec   Section        0  uart.o(i.Uart_SendDataPoll)
    i.Uart_Send_AutoBalence                  0x00005728   Section        0  uart_sever.o(i.Uart_Send_AutoBalence)
    i.Uart_Send_CheckBalence                 0x00005744   Section        0  uart_sever.o(i.Uart_Send_CheckBalence)
    i.Uart_Send_CheckBlock                   0x00005760   Section        0  uart_sever.o(i.Uart_Send_CheckBlock)
    i.Uart_Send_Forward                      0x0000577c   Section        0  uart_sever.o(i.Uart_Send_Forward)
    i.Uart_Send_ReadHight                    0x00005798   Section        0  uart_sever.o(i.Uart_Send_ReadHight)
    i.Uart_Send_Reset                        0x000057a8   Section        0  uart_sever.o(i.Uart_Send_Reset)
    i.Uart_Start                             0x000057c4   Section        0  uart_sever.o(i.Uart_Start)
    i.Uart_deal_message                      0x000057d4   Section        0  uart_sever.o(i.Uart_deal_message)
    i.Uart_parse                             0x00005984   Section        0  uart_sever.o(i.Uart_parse)
    i.Unitset_Frame                          0x00005b60   Section        0  menu_frame.o(i.Unitset_Frame)
    Unitset_Frame                            0x00005b61   Thumb Code   396  menu_frame.o(i.Unitset_Frame)
    i.Unitset_Frame_Init                     0x00005d08   Section        0  menu_frame.o(i.Unitset_Frame_Init)
    Unitset_Frame_Init                       0x00005d09   Thumb Code    12  menu_frame.o(i.Unitset_Frame_Init)
    i.VC0_IRQHandler                         0x00005d18   Section        0  interrupts_hc32l13x.o(i.VC0_IRQHandler)
    i.VC1_IRQHandler                         0x00005d20   Section        0  interrupts_hc32l13x.o(i.VC1_IRQHandler)
    i.Version_Frame                          0x00005d28   Section        0  menu_frame.o(i.Version_Frame)
    Version_Frame                            0x00005d29   Thumb Code   166  menu_frame.o(i.Version_Frame)
    i.Version_Frame_Init                     0x00005ddc   Section        0  menu_frame.o(i.Version_Frame_Init)
    Version_Frame_Init                       0x00005ddd   Thumb Code    12  menu_frame.o(i.Version_Frame_Init)
    i.WDT_IRQHandler                         0x00005dec   Section        0  interrupts_hc32l13x.o(i.WDT_IRQHandler)
    i.WillBlockBack_Frame                    0x00005df4   Section        0  menu_frame.o(i.WillBlockBack_Frame)
    WillBlockBack_Frame                      0x00005df5   Thumb Code   394  menu_frame.o(i.WillBlockBack_Frame)
    i.WillBlockBack_Frame_Init               0x00005f9c   Section        0  menu_frame.o(i.WillBlockBack_Frame_Init)
    i._SysctrlUnlock                         0x00005fac   Section        0  sysctrl.o(i._SysctrlUnlock)
    _SysctrlUnlock                           0x00005fad   Thumb Code    12  sysctrl.o(i._SysctrlUnlock)
    i.__0sprintf                             0x00005fc4   Section        0  printfa.o(i.__0sprintf)
    i.__ARM_clz                              0x00005fec   Section        0  depilogue.o(i.__ARM_clz)
    i.__ARM_common_switch8                   0x0000601a   Section        0  user_sever.o(i.__ARM_common_switch8)
    i.__NVIC_SetPriority                     0x00006038   Section        0  interrupts_hc32l13x.o(i.__NVIC_SetPriority)
    __NVIC_SetPriority                       0x00006039   Thumb Code   110  interrupts_hc32l13x.o(i.__NVIC_SetPriority)
    i.__scatterload_copy                     0x000060b0   Section       14  handlers.o(i.__scatterload_copy)
    i.__scatterload_null                     0x000060be   Section        2  handlers.o(i.__scatterload_null)
    i.__scatterload_zeroinit                 0x000060c0   Section       14  handlers.o(i.__scatterload_zeroinit)
    i._fp_digits                             0x000060d0   Section        0  printfa.o(i._fp_digits)
    _fp_digits                               0x000060d1   Thumb Code   344  printfa.o(i._fp_digits)
    i._printf_core                           0x00006244   Section        0  printfa.o(i._printf_core)
    _printf_core                             0x00006245   Thumb Code  1754  printfa.o(i._printf_core)
    i._printf_post_padding                   0x00006930   Section        0  printfa.o(i._printf_post_padding)
    _printf_post_padding                     0x00006931   Thumb Code    32  printfa.o(i._printf_post_padding)
    i._printf_pre_padding                    0x00006950   Section        0  printfa.o(i._printf_pre_padding)
    _printf_pre_padding                      0x00006951   Thumb Code    44  printfa.o(i._printf_pre_padding)
    i._sputc                                 0x0000697c   Section        0  printfa.o(i._sputc)
    _sputc                                   0x0000697d   Thumb Code    10  printfa.o(i._sputc)
    i.beep_init                              0x00006988   Section        0  beep.o(i.beep_init)
    i.beep_write                             0x000069b0   Section        0  beep.o(i.beep_write)
    i.clear_page_edge                        0x000069d0   Section        0  lcd12864.o(i.clear_page_edge)
    i.clear_screen                           0x00006a70   Section        0  lcd12864.o(i.clear_screen)
    i.ddl_memclr                             0x00006a9c   Section        0  ddl.o(i.ddl_memclr)
    i.delay1ms                               0x00006abc   Section        0  ddl.o(i.delay1ms)
    i.dis_Hight                              0x00006b14   Section        0  misc.o(i.dis_Hight)
    i.full_display                           0x00006b90   Section        0  lcd12864.o(i.full_display)
    i.key_init                               0x00006be0   Section        0  key.o(i.key_init)
    i.lcd_address                            0x00006c48   Section        0  lcd12864.o(i.lcd_address)
    i.lcd_switch                             0x00006cc8   Section        0  lcd12864.o(i.lcd_switch)
    i.led_init                               0x00006d24   Section        0  beep.o(i.led_init)
    i.led_write                              0x00006d5e   Section        0  beep.o(i.led_write)
    i.main                                   0x00006d7a   Section        0  main.o(i.main)
    i.make_uartSend_Data                     0x00006d90   Section        0  uart_sever.o(i.make_uartSend_Data)
    i.retry_Frame                            0x00006de0   Section        0  misc.o(i.retry_Frame)
    i.timer2_init                            0x00006e44   Section        0  timer.o(i.timer2_init)
    i.uart_init                              0x00006e58   Section        0  user_uart.o(i.uart_init)
    i.uart_read                              0x00006e64   Section        0  user_uart.o(i.uart_read)
    i.uart_write                             0x00006e8c   Section        0  user_uart.o(i.uart_write)
    i.user_init                              0x00006eac   Section        0  user_sever.o(i.user_init)
    i.user_work                              0x00006ee8   Section        0  user_sever.o(i.user_work)
    .constdata                               0x00006f30   Section        4  user_sever.o(.constdata)
    .constdata                               0x00006f34   Section       24  sysctrl.o(.constdata)
    .constdata                               0x00006f4c   Section        8  uart.o(.constdata)
    .constdata                               0x00006f54   Section      512  crc16.o(.constdata)
    aucCRCHi                                 0x00006f54   Data         256  crc16.o(.constdata)
    aucCRCLo                                 0x00007054   Data         256  crc16.o(.constdata)
    .constdata                               0x00007154   Section       24  uart_sever.o(.constdata)
    .constdata                               0x0000716c   Section     2448  misc.o(.constdata)
    .constdata                               0x00007afc   Section       23  menu_frame.o(.constdata)
    .constdata                               0x00007b14   Section     8070  lcd12864.o(.constdata)
    .conststring                             0x00009a9c   Section      273  menu_frame.o(.conststring)
    .data                                    0x20000000   Section        4  system_hc32l13x.o(.data)
    .data                                    0x20000004   Section        6  beep.o(.data)
    .data                                    0x2000000a   Section        9  uart_sever.o(.data)
    rx16dat                                  0x2000000c   Data           2  uart_sever.o(.data)
    Crc_get                                  0x2000000e   Data           2  uart_sever.o(.data)
    Uart_Index                               0x20000010   Data           1  uart_sever.o(.data)
    Uart_lenth                               0x20000011   Data           1  uart_sever.o(.data)
    Crc_Index                                0x20000012   Data           1  uart_sever.o(.data)
    .data                                    0x20000014   Section        6  user_uart.o(.data)
    .data                                    0x2000001c   Section       19  misc.o(.data)
    num                                      0x2000001f   Data           1  misc.o(.data)
    tempnum                                  0x20000020   Data           1  misc.o(.data)
    now_select                               0x20000021   Data           1  misc.o(.data)
    Delay_send                               0x20000022   Data           1  misc.o(.data)
    k                                        0x20000024   Data           4  misc.o(.data)
    Max_Hight                                0x20000028   Data           2  misc.o(.data)
    Min_Hight                                0x2000002a   Data           2  misc.o(.data)
    Now_Pat                                  0x2000002c   Data           1  misc.o(.data)
    Now_Cont                                 0x2000002d   Data           1  misc.o(.data)
    ringstate                                0x2000002e   Data           1  misc.o(.data)
    .data                                    0x20000030   Section      169  menu_frame.o(.data)
    SLH                                      0x200000d4   Data           1  menu_frame.o(.data)
    SLH                                      0x200000d5   Data           1  menu_frame.o(.data)
    SLH                                      0x200000d6   Data           1  menu_frame.o(.data)
    SLH                                      0x200000d7   Data           1  menu_frame.o(.data)
    senddelay                                0x200000d8   Data           1  menu_frame.o(.data)
    .data                                    0x200000dc   Section        4  lcd_drive.o(.data)
    .bss                                     0x200000e0   Section       30  user_sever.o(.bss)
    .bss                                     0x200000fe   Section       12  key.o(.bss)
    .bss                                     0x2000010a   Section      466  user_uart.o(.bss)
    .bss                                     0x200002dc   Section       10  misc.o(.bss)
    bufd                                     0x200002dc   Data          10  misc.o(.bss)
    .bss                                     0x200002e8   Section      600  menu_frame.o(.bss)
    .bss                                     0x20000540   Section     1024  lcd12864.o(.bss)
    .bss                                     0x20000940   Section       16  lcd_drive.o(.bss)
    STACK                                    0x20000950   Section      512  startup_hc32l13x.o(STACK)

    Global Symbols

    Symbol Name                              Value     Ov Type        Size  Object(Section)

    BuildAttributes$$THM_ISAv3M$S$PE$A:L22$X:L11$S22$IEEE1$IW$USESV6$~STKCKD$USESV7$~SHL$OTIME$ROPI$EBA8$MICROLIB$REQ8$PRES8$EABIv2 0x00000000   Number         0  anon$$obj.o ABSOLUTE
    __ARM_use_no_argv                        0x00000000   Number         0  main.o ABSOLUTE
    __Vectors                                0x00000000   Data           0  startup_hc32l13x.o(RESET)
    __use_no_errno                           0x00000000   Number         0  useno.o ABSOLUTE
    __use_no_exception_handling              0x00000000   Number         0  useno.o ABSOLUTE
    __use_no_fp                              0x00000000   Number         0  useno.o ABSOLUTE
    __use_no_heap                            0x00000000   Number         0  useno.o ABSOLUTE
    __use_no_heap_region                     0x00000000   Number         0  useno.o ABSOLUTE
    __use_no_semihosting                     0x00000000   Number         0  useno.o ABSOLUTE
    __use_no_semihosting_swi                 0x00000000   Number         0  useno.o ABSOLUTE
    __use_no_signal_handling                 0x00000000   Number         0  useno.o ABSOLUTE
    _printf_a                                0x00000000   Number         0  stubs.o ABSOLUTE
    _printf_c                                0x00000000   Number         0  stubs.o ABSOLUTE
    _printf_charcount                        0x00000000   Number         0  stubs.o ABSOLUTE
    _printf_d                                0x00000000   Number         0  stubs.o ABSOLUTE
    _printf_e                                0x00000000   Number         0  stubs.o ABSOLUTE
    _printf_f                                0x00000000   Number         0  stubs.o ABSOLUTE
    _printf_flags                            0x00000000   Number         0  stubs.o ABSOLUTE
    _printf_fp_dec                           0x00000000   Number         0  stubs.o ABSOLUTE
    _printf_fp_hex                           0x00000000   Number         0  stubs.o ABSOLUTE
    _printf_g                                0x00000000   Number         0  stubs.o ABSOLUTE
    _printf_i                                0x00000000   Number         0  stubs.o ABSOLUTE
    _printf_int_dec                          0x00000000   Number         0  stubs.o ABSOLUTE
    _printf_l                                0x00000000   Number         0  stubs.o ABSOLUTE
    _printf_lc                               0x00000000   Number         0  stubs.o ABSOLUTE
    _printf_ll                               0x00000000   Number         0  stubs.o ABSOLUTE
    _printf_lld                              0x00000000   Number         0  stubs.o ABSOLUTE
    _printf_lli                              0x00000000   Number         0  stubs.o ABSOLUTE
    _printf_llo                              0x00000000   Number         0  stubs.o ABSOLUTE
    _printf_llu                              0x00000000   Number         0  stubs.o ABSOLUTE
    _printf_llx                              0x00000000   Number         0  stubs.o ABSOLUTE
    _printf_longlong_dec                     0x00000000   Number         0  stubs.o ABSOLUTE
    _printf_longlong_hex                     0x00000000   Number         0  stubs.o ABSOLUTE
    _printf_longlong_oct                     0x00000000   Number         0  stubs.o ABSOLUTE
    _printf_ls                               0x00000000   Number         0  stubs.o ABSOLUTE
    _printf_mbtowc                           0x00000000   Number         0  stubs.o ABSOLUTE
    _printf_n                                0x00000000   Number         0  stubs.o ABSOLUTE
    _printf_o                                0x00000000   Number         0  stubs.o ABSOLUTE
    _printf_p                                0x00000000   Number         0  stubs.o ABSOLUTE
    _printf_percent                          0x00000000   Number         0  stubs.o ABSOLUTE
    _printf_pre_padding                      0x00000000   Number         0  stubs.o ABSOLUTE
    _printf_return_value                     0x00000000   Number         0  stubs.o ABSOLUTE
    _printf_s                                0x00000000   Number         0  stubs.o ABSOLUTE
    _printf_sizespec                         0x00000000   Number         0  stubs.o ABSOLUTE
    _printf_str                              0x00000000   Number         0  stubs.o ABSOLUTE
    _printf_truncate_signed                  0x00000000   Number         0  stubs.o ABSOLUTE
    _printf_truncate_unsigned                0x00000000   Number         0  stubs.o ABSOLUTE
    _printf_u                                0x00000000   Number         0  stubs.o ABSOLUTE
    _printf_wc                               0x00000000   Number         0  stubs.o ABSOLUTE
    _printf_wctomb                           0x00000000   Number         0  stubs.o ABSOLUTE
    _printf_widthprec                        0x00000000   Number         0  stubs.o ABSOLUTE
    _printf_x                                0x00000000   Number         0  stubs.o ABSOLUTE
    Adc_IRQHandler                            - Undefined Weak Reference
    ClkTrim_IRQHandler                        - Undefined Weak Reference
    Dmac_IRQHandler                           - Undefined Weak Reference
    Flash_IRQHandler                          - Undefined Weak Reference
    I2c0_IRQHandler                           - Undefined Weak Reference
    I2c1_IRQHandler                           - Undefined Weak Reference
    Lcd_IRQHandler                            - Undefined Weak Reference
    LpTim_IRQHandler                          - Undefined Weak Reference
    LpUart0_IRQHandler                        - Undefined Weak Reference
    LpUart1_IRQHandler                        - Undefined Weak Reference
    Lvd_IRQHandler                            - Undefined Weak Reference
    Pca_IRQHandler                            - Undefined Weak Reference
    Pcnt_IRQHandler                           - Undefined Weak Reference
    PortA_IRQHandler                          - Undefined Weak Reference
    PortB_IRQHandler                          - Undefined Weak Reference
    PortC_IRQHandler                          - Undefined Weak Reference
    PortD_IRQHandler                          - Undefined Weak Reference
    Ram_IRQHandler                            - Undefined Weak Reference
    Rtc_IRQHandler                            - Undefined Weak Reference
    Spi0_IRQHandler                           - Undefined Weak Reference
    Spi1_IRQHandler                           - Undefined Weak Reference
    SysTick_IRQHandler                        - Undefined Weak Reference
    Tim0_IRQHandler                           - Undefined Weak Reference
    Tim1_IRQHandler                           - Undefined Weak Reference
    Tim3_IRQHandler                           - Undefined Weak Reference
    Tim4_IRQHandler                           - Undefined Weak Reference
    Tim5_IRQHandler                           - Undefined Weak Reference
    Tim6_IRQHandler                           - Undefined Weak Reference
    Uart0_IRQHandler                          - Undefined Weak Reference
    Vc0_IRQHandler                            - Undefined Weak Reference
    Vc1_IRQHandler                            - Undefined Weak Reference
    Wdt_IRQHandler                            - Undefined Weak Reference
    __cpp_initialize__aeabi_                  - Undefined Weak Reference
    __cxa_finalize                            - Undefined Weak Reference
    __decompress                              - Undefined Weak Reference
    _clock_init                               - Undefined Weak Reference
    _microlib_exit                            - Undefined Weak Reference
    __Vectors_End                            0x000000c0   Data           0  startup_hc32l13x.o(RESET)
    __Vectors_Size                           0x000000c0   Number         0  startup_hc32l13x.o ABSOLUTE
    __main                                   0x000000c1   Thumb Code     0  entry.o(.ARM.Collect$$$$00000000)
    _main_stk                                0x000000c1   Thumb Code     0  entry2.o(.ARM.Collect$$$$00000001)
    _main_scatterload                        0x000000c5   Thumb Code     0  entry5.o(.ARM.Collect$$$$00000004)
    __main_after_scatterload                 0x000000c9   Thumb Code     0  entry5.o(.ARM.Collect$$$$00000004)
    _main_clock                              0x000000c9   Thumb Code     0  entry7b.o(.ARM.Collect$$$$00000008)
    _main_cpp_init                           0x000000c9   Thumb Code     0  entry8b.o(.ARM.Collect$$$$0000000A)
    _main_init                               0x000000c9   Thumb Code     0  entry9a.o(.ARM.Collect$$$$0000000B)
    __rt_final_cpp                           0x000000d1   Thumb Code     0  entry10a.o(.ARM.Collect$$$$0000000D)
    __rt_final_exit                          0x000000d1   Thumb Code     0  entry11a.o(.ARM.Collect$$$$0000000F)
    Reset_Handler                            0x000000d5   Thumb Code    26  startup_hc32l13x.o(.text)
    NMI_Handler                              0x000000ef   Thumb Code     2  startup_hc32l13x.o(.text)
    SVC_Handler                              0x000000f3   Thumb Code     2  startup_hc32l13x.o(.text)
    PendSV_Handler                           0x000000f5   Thumb Code     2  startup_hc32l13x.o(.text)
    __aeabi_uidiv                            0x00000111   Thumb Code     0  uidiv.o(.text)
    __aeabi_uidivmod                         0x00000111   Thumb Code    44  uidiv.o(.text)
    __aeabi_idiv                             0x0000013d   Thumb Code     0  idiv.o(.text)
    __aeabi_idivmod                          0x0000013d   Thumb Code    40  idiv.o(.text)
    __aeabi_memcpy                           0x00000165   Thumb Code    36  memcpya.o(.text)
    __aeabi_memcpy4                          0x00000165   Thumb Code     0  memcpya.o(.text)
    __aeabi_memcpy8                          0x00000165   Thumb Code     0  memcpya.o(.text)
    __aeabi_fadd                             0x00000189   Thumb Code   162  fadd.o(.text)
    __aeabi_fsub                             0x0000022b   Thumb Code     8  fadd.o(.text)
    __aeabi_frsub                            0x00000233   Thumb Code     8  fadd.o(.text)
    __aeabi_fdiv                             0x0000023b   Thumb Code   124  fdiv.o(.text)
    __aeabi_dmul                             0x000002b9   Thumb Code   202  dmul.o(.text)
    __aeabi_i2f                              0x00000389   Thumb Code    22  fflti.o(.text)
    __aeabi_ui2f                             0x0000039f   Thumb Code    14  ffltui.o(.text)
    __aeabi_i2d                              0x000003ad   Thumb Code    34  dflti.o(.text)
    __aeabi_ui2d                             0x000003d5   Thumb Code    24  dfltui.o(.text)
    __aeabi_f2iz                             0x000003f1   Thumb Code    50  ffixi.o(.text)
    __aeabi_f2uiz                            0x00000423   Thumb Code    40  ffixui.o(.text)
    __aeabi_d2uiz                            0x0000044d   Thumb Code    50  dfixui.o(.text)
    __aeabi_f2d                              0x00000489   Thumb Code    40  f2d.o(.text)
    __aeabi_cdcmpeq                          0x000004b1   Thumb Code     0  cdcmple.o(.text)
    __aeabi_cdcmple                          0x000004b1   Thumb Code    38  cdcmple.o(.text)
    __aeabi_cfcmpeq                          0x000004d9   Thumb Code     0  cfcmple.o(.text)
    __aeabi_cfcmple                          0x000004d9   Thumb Code    20  cfcmple.o(.text)
    __aeabi_cfrcmple                         0x000004ed   Thumb Code    20  cfrcmple.o(.text)
    __aeabi_uldivmod                         0x00000501   Thumb Code    96  uldiv.o(.text)
    __aeabi_llsr                             0x00000561   Thumb Code    34  llushr.o(.text)
    _ll_ushift_r                             0x00000561   Thumb Code     0  llushr.o(.text)
    __I$use$fp                               0x00000583   Thumb Code     0  iusefp.o(.text)
    _float_round                             0x00000583   Thumb Code    16  fepilogue.o(.text)
    _float_epilogue                          0x00000593   Thumb Code   114  fepilogue.o(.text)
    _double_round                            0x00000605   Thumb Code    26  depilogue.o(.text)
    _double_epilogue                         0x0000061f   Thumb Code   164  depilogue.o(.text)
    __aeabi_dadd                             0x000006c5   Thumb Code   328  dadd.o(.text)
    __aeabi_dsub                             0x0000080d   Thumb Code    12  dadd.o(.text)
    __aeabi_drsub                            0x00000819   Thumb Code    12  dadd.o(.text)
    __aeabi_ddiv                             0x00000829   Thumb Code   234  ddiv.o(.text)
    __aeabi_d2ulz                            0x00000919   Thumb Code    54  dfixul.o(.text)
    __aeabi_cdrcmple                         0x00000959   Thumb Code    38  cdrcmple.o(.text)
    __scatterload                            0x00000981   Thumb Code    28  init.o(.text)
    __scatterload_rt2                        0x00000981   Thumb Code     0  init.o(.text)
    __aeabi_llsl                             0x000009a5   Thumb Code    32  llshl.o(.text)
    _ll_shift_l                              0x000009a5   Thumb Code     0  llshl.o(.text)
    __aeabi_lasr                             0x000009c5   Thumb Code    38  llsshr.o(.text)
    _ll_sshift_r                             0x000009c5   Thumb Code     0  llsshr.o(.text)
    ADC_IRQHandler                           0x000009eb   Thumb Code     8  interrupts_hc32l13x.o(i.ADC_IRQHandler)
    App_ClkInit                              0x000009f3   Thumb Code    38  main.o(i.App_ClkInit)
    App_PortInit                             0x00000a5d   Thumb Code    72  user_uart.o(i.App_PortInit)
    App_Rch4MHzTo24MHz                       0x00000aa5   Thumb Code    52  main.o(i.App_Rch4MHzTo24MHz)
    App_Timer0Cfg                            0x00000b01   Thumb Code   132  beep.o(i.App_Timer0Cfg)
    App_Timer0PortCfg                        0x00000b85   Thumb Code    70  beep.o(i.App_Timer0PortCfg)
    App_Timer2Cfg                            0x00000bcb   Thumb Code   114  timer.o(i.App_Timer2Cfg)
    App_UartCfg                              0x00000c3d   Thumb Code   104  user_uart.o(i.App_UartCfg)
    Beep_Deal                                0x00000e21   Thumb Code   196  beep.o(i.Beep_Deal)
    Beep_Interrupt                           0x00000ee9   Thumb Code    20  beep.o(i.Beep_Interrupt)
    Beep_SetNum                              0x00000f01   Thumb Code    56  beep.o(i.Beep_SetNum)
    BlockBack_Frame_Init                     0x000010e9   Thumb Code    12  menu_frame.o(i.BlockBack_Frame_Init)
    Bt_ClearAllIntFlag                       0x00001249   Thumb Code    18  bt.o(i.Bt_ClearAllIntFlag)
    Bt_ClearIntFlag                          0x00001261   Thumb Code    22  bt.o(i.Bt_ClearIntFlag)
    Bt_GetIntFlag                            0x0000127d   Thumb Code    24  bt.o(i.Bt_GetIntFlag)
    Bt_M0_ARRSet                             0x00001299   Thumb Code    26  bt.o(i.Bt_M0_ARRSet)
    Bt_M0_Cnt16Set                           0x000012b9   Thumb Code    26  bt.o(i.Bt_M0_Cnt16Set)
    Bt_M0_Run                                0x000012d9   Thumb Code    24  bt.o(i.Bt_M0_Run)
    Bt_M23_ARRSet                            0x000012f5   Thumb Code    44  bt.o(i.Bt_M23_ARRSet)
    Bt_M23_CCR_Set                           0x00001325   Thumb Code    54  bt.o(i.Bt_M23_CCR_Set)
    Bt_M23_Cnt16Set                          0x00001361   Thumb Code    26  bt.o(i.Bt_M23_Cnt16Set)
    Bt_M23_EnPWM_Output                      0x00001381   Thumb Code    50  bt.o(i.Bt_M23_EnPWM_Output)
    Bt_M23_PortOutput_Cfg                    0x000013b9   Thumb Code   180  bt.o(i.Bt_M23_PortOutput_Cfg)
    Bt_M23_Run                               0x00001471   Thumb Code    24  bt.o(i.Bt_M23_Run)
    Bt_Mode0_EnableIrq                       0x0000148d   Thumb Code    24  bt.o(i.Bt_Mode0_EnableIrq)
    Bt_Mode0_Init                            0x000014a9   Thumb Code   148  bt.o(i.Bt_Mode0_Init)
    Bt_Mode23_Init                           0x00001541   Thumb Code   162  bt.o(i.Bt_Mode23_Init)
    CLKTRIM_IRQHandler                       0x000015e9   Thumb Code     8  interrupts_hc32l13x.o(i.CLKTRIM_IRQHandler)
    CRC16MODBUS                              0x000015f1   Thumb Code    46  crc16.o(i.CRC16MODBUS)
    Change_Sit_Stand                         0x00001629   Thumb Code   230  misc.o(i.Change_Sit_Stand)
    ClearFrame                               0x0000187d   Thumb Code    40  lcd12864.o(i.ClearFrame)
    Creat_Frame                              0x000018a5   Thumb Code    16  lcd_drive.o(i.Creat_Frame)
    DMAC_IRQHandler                          0x000018b9   Thumb Code     8  interrupts_hc32l13x.o(i.DMAC_IRQHandler)
    Decrease_Focus                           0x000018c1   Thumb Code   110  lcd_drive.o(i.Decrease_Focus)
    ERROR_Frame                              0x00001939   Thumb Code    88  misc.o(i.ERROR_Frame)
    EnableNvic                               0x000019a1   Thumb Code   120  interrupts_hc32l13x.o(i.EnableNvic)
    FLASH_RAM_IRQHandler                     0x00001a21   Thumb Code    12  interrupts_hc32l13x.o(i.FLASH_RAM_IRQHandler)
    FONT_GetFontLattice                      0x00001a2d   Thumb Code    52  lcd12864.o(i.FONT_GetFontLattice)
    Flash_WaitCycle                          0x00001a65   Thumb Code    38  flash.o(i.Flash_WaitCycle)
    GRAM_Clear                               0x00001a99   Thumb Code    48  lcd12864.o(i.GRAM_Clear)
    GRAM_ClearPoint                          0x00001ac9   Thumb Code    90  lcd12864.o(i.GRAM_ClearPoint)
    GRAM_DrawPoint                           0x00001b29   Thumb Code    90  lcd12864.o(i.GRAM_DrawPoint)
    GRAM_Fill                                0x00001b89   Thumb Code    48  lcd12864.o(i.GRAM_Fill)
    GRAM_ShowChar                            0x00001bb9   Thumb Code   414  lcd12864.o(i.GRAM_ShowChar)
    GRAM_ShowChina                           0x00001d69   Thumb Code   340  lcd12864.o(i.GRAM_ShowChina)
    GRAM_ShowLattice                         0x00001ec5   Thumb Code   264  lcd12864.o(i.GRAM_ShowLattice)
    GRAM_ShowString                          0x00001fd5   Thumb Code   214  lcd12864.o(i.GRAM_ShowString)
    GetBit                                   0x000020ab   Thumb Code    12  ddl.o(i.GetBit)
    GetLang                                  0x000020b7   Thumb Code    36  lcd_drive.o(i.GetLang)
    Gpio_ClrIO                               0x000020dd   Thumb Code    22  gpio.o(i.Gpio_ClrIO)
    Gpio_GetInputIO                          0x000020f9   Thumb Code    18  gpio.o(i.Gpio_GetInputIO)
    Gpio_Init                                0x00002111   Thumb Code   130  gpio.o(i.Gpio_Init)
    Gpio_SetAfMode                           0x000021a1   Thumb Code    16  gpio.o(i.Gpio_SetAfMode)
    Gpio_SetIO                               0x000021b5   Thumb Code    22  gpio.o(i.Gpio_SetIO)
    Gpio_WriteOutputIO                       0x000021d1   Thumb Code    24  gpio.o(i.Gpio_WriteOutputIO)
    HardFault_Handler                        0x000021ed   Thumb Code    16  interrupts_hc32l13x.o(i.HardFault_Handler)
    HightSave_Frame                          0x000021fd   Thumb Code   694  misc.o(i.HightSave_Frame)
    HightSavetWinkle_Frame                   0x000024f9   Thumb Code   632  misc.o(i.HightSavetWinkle_Frame)
    I2C0_IRQHandler                          0x00002799   Thumb Code     8  interrupts_hc32l13x.o(i.I2C0_IRQHandler)
    I2C1_IRQHandler                          0x000027a1   Thumb Code     8  interrupts_hc32l13x.o(i.I2C1_IRQHandler)
    Increase_Focus                           0x000027a9   Thumb Code   114  lcd_drive.o(i.Increase_Focus)
    KEY_Time_Interrupt                       0x00002825   Thumb Code    20  key.o(i.KEY_Time_Interrupt)
    Key_Deal                                 0x0000283d   Thumb Code   204  key.o(i.Key_Deal)
    KnockGoDown_Frame_Init                   0x00002ab5   Thumb Code    12  menu_frame.o(i.KnockGoDown_Frame_Init)
    LCD12864_INIT                            0x00002ac5   Thumb Code   996  lcd12864.o(i.LCD12864_INIT)
    LCDSpi_Init                              0x00002ead   Thumb Code    12  lcd12864.o(i.LCDSpi_Init)
    LCD_Control                              0x00002eb9   Thumb Code    88  lcd_drive.o(i.LCD_Control)
    LCD_IO_Init                              0x00002f15   Thumb Code    62  lcd12864.o(i.LCD_IO_Init)
    LCD_IRQHandler                           0x00002f53   Thumb Code     8  interrupts_hc32l13x.o(i.LCD_IRQHandler)
    LCD_Interrupt                            0x00002f5d   Thumb Code    56  lcd_drive.o(i.LCD_Interrupt)
    LPTIM_IRQHandler                         0x00002f99   Thumb Code     8  interrupts_hc32l13x.o(i.LPTIM_IRQHandler)
    LPUART0_IRQHandler                       0x00002fa1   Thumb Code     8  interrupts_hc32l13x.o(i.LPUART0_IRQHandler)
    LPUART1_IRQHandler                       0x00002fa9   Thumb Code     8  interrupts_hc32l13x.o(i.LPUART1_IRQHandler)
    LVD_IRQHandler                           0x00002fb1   Thumb Code     8  interrupts_hc32l13x.o(i.LVD_IRQHandler)
    Lcd_Read_Time                            0x00002fb9   Thumb Code   158  lcd_drive.o(i.Lcd_Read_Time)
    Lcd_Write_Time                           0x0000305d   Thumb Code   104  lcd_drive.o(i.Lcd_Write_Time)
    Main_Frame                               0x000030c9   Thumb Code   660  misc.o(i.Main_Frame)
    Menu_Frame                               0x0000356d   Thumb Code   584  menu_frame.o(i.Menu_Frame)
    Menu_Frame_Init                          0x00003805   Thumb Code    12  menu_frame.o(i.Menu_Frame_Init)
    OK_Frame                                 0x000039cd   Thumb Code    88  misc.o(i.OK_Frame)
    Open_movie                               0x00003a35   Thumb Code   170  misc.o(i.Open_movie)
    PCA_IRQHandler                           0x00003af5   Thumb Code     8  interrupts_hc32l13x.o(i.PCA_IRQHandler)
    PCNT_IRQHandler                          0x00003afd   Thumb Code     8  interrupts_hc32l13x.o(i.PCNT_IRQHandler)
    PORTA_IRQHandler                         0x00003b05   Thumb Code     8  interrupts_hc32l13x.o(i.PORTA_IRQHandler)
    PORTB_IRQHandler                         0x00003b0d   Thumb Code     8  interrupts_hc32l13x.o(i.PORTB_IRQHandler)
    PORTC_IRQHandler                         0x00003b15   Thumb Code     8  interrupts_hc32l13x.o(i.PORTC_IRQHandler)
    PORTD_IRQHandler                         0x00003b1d   Thumb Code     8  interrupts_hc32l13x.o(i.PORTD_IRQHandler)
    Para_read                                0x00003b25   Thumb Code   418  user_sever.o(i.Para_read)
    Para_write                               0x00003cd5   Thumb Code   974  user_sever.o(i.Para_write)
    Press_Scan                               0x000040d9   Thumb Code   198  key.o(i.Press_Scan)
    Problem_Frame                            0x000041a5   Thumb Code   120  misc.o(i.Problem_Frame)
    RTC_IRQHandler                           0x00004231   Thumb Code     8  interrupts_hc32l13x.o(i.RTC_IRQHandler)
    Reseting_Frame                           0x00004239   Thumb Code   450  menu_frame.o(i.Reseting_Frame)
    Resetset_Frame                           0x00004435   Thumb Code   298  menu_frame.o(i.Resetset_Frame)
    RingBuf_Read                             0x00004585   Thumb Code    44  dui.o(i.RingBuf_Read)
    RingBuf_Write                            0x000045b1   Thumb Code    50  dui.o(i.RingBuf_Write)
    Ring_Frame                               0x000045e5   Thumb Code   330  misc.o(i.Ring_Frame)
    Run_Frame                                0x00004745   Thumb Code   750  misc.o(i.Run_Frame)
    RunisSet_Frame                           0x00004a75   Thumb Code   402  misc.o(i.RunisSet_Frame)
    SPI0_IRQHandler                          0x00004c2d   Thumb Code     8  interrupts_hc32l13x.o(i.SPI0_IRQHandler)
    SPI1_IRQHandler                          0x00004c35   Thumb Code     8  interrupts_hc32l13x.o(i.SPI1_IRQHandler)
    SetBit                                   0x00004c3d   Thumb Code    30  ddl.o(i.SetBit)
    SetOverError_Frame                       0x00004c5d   Thumb Code   132  misc.o(i.SetOverError_Frame)
    Set_Focus                                0x00004cf1   Thumb Code   104  lcd_drive.o(i.Set_Focus)
    Sitchage_Frame_Init                      0x00004d61   Thumb Code    12  menu_frame.o(i.Sitchage_Frame_Init)
    Spi_GetStatus                            0x00004f25   Thumb Code    18  spi.o(i.Spi_GetStatus)
    Spi_Init                                 0x00004f37   Thumb Code    32  spi.o(i.Spi_Init)
    Spi_SendData                             0x00004f57   Thumb Code     8  spi.o(i.Spi_SendData)
    Spi_SetCS                                0x00004f5f   Thumb Code     4  spi.o(i.Spi_SetCS)
    Standby_Frame                            0x00004f65   Thumb Code    70  misc.o(i.Standby_Frame)
    SysTick_Handler                          0x00004fb1   Thumb Code     8  interrupts_hc32l13x.o(i.SysTick_Handler)
    Sysctrl_ClkInit                          0x00004fb9   Thumb Code   106  sysctrl.o(i.Sysctrl_ClkInit)
    Sysctrl_ClkSourceEnable                  0x00005025   Thumb Code   276  sysctrl.o(i.Sysctrl_ClkSourceEnable)
    Sysctrl_GetHClkFreq                      0x00005141   Thumb Code   354  sysctrl.o(i.Sysctrl_GetHClkFreq)
    Sysctrl_GetPClkFreq                      0x000052b5   Thumb Code    28  sysctrl.o(i.Sysctrl_GetPClkFreq)
    Sysctrl_SetHCLKDiv                       0x000052d5   Thumb Code    36  sysctrl.o(i.Sysctrl_SetHCLKDiv)
    Sysctrl_SetPCLKDiv                       0x000052fd   Thumb Code    36  sysctrl.o(i.Sysctrl_SetPCLKDiv)
    Sysctrl_SetPLLStableTime                 0x00005325   Thumb Code    32  sysctrl.o(i.Sysctrl_SetPLLStableTime)
    Sysctrl_SetPeripheralGate                0x00005349   Thumb Code    20  sysctrl.o(i.Sysctrl_SetPeripheralGate)
    Sysctrl_SetRCHTrim                       0x00005361   Thumb Code    32  sysctrl.o(i.Sysctrl_SetRCHTrim)
    Sysctrl_SetRCLStableTime                 0x00005389   Thumb Code    32  sysctrl.o(i.Sysctrl_SetRCLStableTime)
    Sysctrl_SetRCLTrim                       0x000053ad   Thumb Code    32  sysctrl.o(i.Sysctrl_SetRCLTrim)
    Sysctrl_SetXTHStableTime                 0x000053d5   Thumb Code    28  sysctrl.o(i.Sysctrl_SetXTHStableTime)
    Sysctrl_SetXTLStableTime                 0x000053f5   Thumb Code    28  sysctrl.o(i.Sysctrl_SetXTLStableTime)
    Sysctrl_SysClkSwitch                     0x00005415   Thumb Code    40  sysctrl.o(i.Sysctrl_SysClkSwitch)
    Sysctrl_XTHDriverCfg                     0x00005441   Thumb Code    24  sysctrl.o(i.Sysctrl_XTHDriverCfg)
    Sysctrl_XTLDriverCfg                     0x0000545d   Thumb Code    46  sysctrl.o(i.Sysctrl_XTLDriverCfg)
    SystemCoreClockUpdate                    0x00005491   Thumb Code    12  system_hc32l13x.o(i.SystemCoreClockUpdate)
    SystemInit                               0x000054a1   Thumb Code     8  system_hc32l13x.o(i.SystemInit)
    TIM0_IRQHandler                          0x000054a9   Thumb Code     8  interrupts_hc32l13x.o(i.TIM0_IRQHandler)
    TIM1_IRQHandler                          0x000054b1   Thumb Code     8  interrupts_hc32l13x.o(i.TIM1_IRQHandler)
    TIM2_IRQHandler                          0x000054b9   Thumb Code     8  interrupts_hc32l13x.o(i.TIM2_IRQHandler)
    TIM3_IRQHandler                          0x000054c1   Thumb Code     8  interrupts_hc32l13x.o(i.TIM3_IRQHandler)
    TIM4_IRQHandler                          0x000054c9   Thumb Code     8  interrupts_hc32l13x.o(i.TIM4_IRQHandler)
    TIM5_IRQHandler                          0x000054d1   Thumb Code     8  interrupts_hc32l13x.o(i.TIM5_IRQHandler)
    TIM6_IRQHandler                          0x000054d9   Thumb Code     8  interrupts_hc32l13x.o(i.TIM6_IRQHandler)
    Tim2_IRQHandler                          0x000054e1   Thumb Code    36  timer.o(i.Tim2_IRQHandler)
    UART0_IRQHandler                         0x00005505   Thumb Code     8  interrupts_hc32l13x.o(i.UART0_IRQHandler)
    UART1_IRQHandler                         0x0000550d   Thumb Code     8  interrupts_hc32l13x.o(i.UART1_IRQHandler)
    Uart1_IRQHandler                         0x00005515   Thumb Code   162  user_uart.o(i.Uart1_IRQHandler)
    Uart_CallBack                            0x000055cd   Thumb Code    12  uart_sever.o(i.Uart_CallBack)
    Uart_CancelError                         0x000055dd   Thumb Code    18  uart_sever.o(i.Uart_CancelError)
    Uart_ClrStatus                           0x000055f9   Thumb Code    22  uart.o(i.Uart_ClrStatus)
    Uart_EnableFunc                          0x0000560f   Thumb Code    20  uart.o(i.Uart_EnableFunc)
    Uart_EnableIrq                           0x00005623   Thumb Code    20  uart.o(i.Uart_EnableIrq)
    Uart_GetStatus                           0x00005637   Thumb Code    24  uart.o(i.Uart_GetStatus)
    Uart_Init                                0x00005651   Thumb Code   102  uart.o(i.Uart_Init)
    Uart_ReceiveData                         0x000056bd   Thumb Code     8  uart.o(i.Uart_ReceiveData)
    Uart_RunToSet                            0x000056c5   Thumb Code    30  uart_sever.o(i.Uart_RunToSet)
    Uart_SendDataPoll                        0x000056ed   Thumb Code    58  uart.o(i.Uart_SendDataPoll)
    Uart_Send_AutoBalence                    0x00005729   Thumb Code    18  uart_sever.o(i.Uart_Send_AutoBalence)
    Uart_Send_CheckBalence                   0x00005745   Thumb Code    18  uart_sever.o(i.Uart_Send_CheckBalence)
    Uart_Send_CheckBlock                     0x00005761   Thumb Code    18  uart_sever.o(i.Uart_Send_CheckBlock)
    Uart_Send_Forward                        0x0000577d   Thumb Code    22  uart_sever.o(i.Uart_Send_Forward)
    Uart_Send_ReadHight                      0x00005799   Thumb Code    12  uart_sever.o(i.Uart_Send_ReadHight)
    Uart_Send_Reset                          0x000057a9   Thumb Code    18  uart_sever.o(i.Uart_Send_Reset)
    Uart_Start                               0x000057c5   Thumb Code    12  uart_sever.o(i.Uart_Start)
    Uart_deal_message                        0x000057d5   Thumb Code   420  uart_sever.o(i.Uart_deal_message)
    Uart_parse                               0x00005985   Thumb Code   446  uart_sever.o(i.Uart_parse)
    VC0_IRQHandler                           0x00005d19   Thumb Code     8  interrupts_hc32l13x.o(i.VC0_IRQHandler)
    VC1_IRQHandler                           0x00005d21   Thumb Code     8  interrupts_hc32l13x.o(i.VC1_IRQHandler)
    WDT_IRQHandler                           0x00005ded   Thumb Code     8  interrupts_hc32l13x.o(i.WDT_IRQHandler)
    WillBlockBack_Frame_Init                 0x00005f9d   Thumb Code    12  menu_frame.o(i.WillBlockBack_Frame_Init)
    __0sprintf                               0x00005fc5   Thumb Code    36  printfa.o(i.__0sprintf)
    __1sprintf                               0x00005fc5   Thumb Code     0  printfa.o(i.__0sprintf)
    __2sprintf                               0x00005fc5   Thumb Code     0  printfa.o(i.__0sprintf)
    __c89sprintf                             0x00005fc5   Thumb Code     0  printfa.o(i.__0sprintf)
    sprintf                                  0x00005fc5   Thumb Code     0  printfa.o(i.__0sprintf)
    __ARM_clz                                0x00005fed   Thumb Code    46  depilogue.o(i.__ARM_clz)
    __ARM_common_switch8                     0x0000601b   Thumb Code    28  user_sever.o(i.__ARM_common_switch8)
    __scatterload_copy                       0x000060b1   Thumb Code    14  handlers.o(i.__scatterload_copy)
    __scatterload_null                       0x000060bf   Thumb Code     2  handlers.o(i.__scatterload_null)
    __scatterload_zeroinit                   0x000060c1   Thumb Code    14  handlers.o(i.__scatterload_zeroinit)
    beep_init                                0x00006989   Thumb Code    34  beep.o(i.beep_init)
    beep_write                               0x000069b1   Thumb Code    32  beep.o(i.beep_write)
    clear_page_edge                          0x000069d1   Thumb Code   160  lcd12864.o(i.clear_page_edge)
    clear_screen                             0x00006a71   Thumb Code    38  lcd12864.o(i.clear_screen)
    ddl_memclr                               0x00006a9d   Thumb Code    32  ddl.o(i.ddl_memclr)
    delay1ms                                 0x00006abd   Thumb Code    76  ddl.o(i.delay1ms)
    dis_Hight                                0x00006b15   Thumb Code   100  misc.o(i.dis_Hight)
    full_display                             0x00006b91   Thumb Code    72  lcd12864.o(i.full_display)
    key_init                                 0x00006be1   Thumb Code   102  key.o(i.key_init)
    lcd_address                              0x00006c49   Thumb Code   124  lcd12864.o(i.lcd_address)
    lcd_switch                               0x00006cc9   Thumb Code    88  lcd12864.o(i.lcd_switch)
    led_init                                 0x00006d25   Thumb Code    58  beep.o(i.led_init)
    led_write                                0x00006d5f   Thumb Code    28  beep.o(i.led_write)
    main                                     0x00006d7b   Thumb Code    20  main.o(i.main)
    make_uartSend_Data                       0x00006d91   Thumb Code    74  uart_sever.o(i.make_uartSend_Data)
    retry_Frame                              0x00006de1   Thumb Code    80  misc.o(i.retry_Frame)
    timer2_init                              0x00006e45   Thumb Code    16  timer.o(i.timer2_init)
    uart_init                                0x00006e59   Thumb Code    12  user_uart.o(i.uart_init)
    uart_read                                0x00006e65   Thumb Code    34  user_uart.o(i.uart_read)
    uart_write                               0x00006e8d   Thumb Code    28  user_uart.o(i.uart_write)
    user_init                                0x00006ead   Thumb Code    56  user_sever.o(i.user_init)
    user_work                                0x00006ee9   Thumb Code    66  user_sever.o(i.user_work)
    Uart_HightRead_Char                      0x00007154   Data           1  uart_sever.o(.constdata)
    Uart_AutoBalence_Char                    0x00007155   Data           1  uart_sever.o(.constdata)
    Uart_CheckBalence_Char                   0x00007156   Data           1  uart_sever.o(.constdata)
    Uart_CheckBlock_Char                     0x00007157   Data           1  uart_sever.o(.constdata)
    Uart_Reset_Char                          0x00007158   Data           1  uart_sever.o(.constdata)
    Uart_Start_Char                          0x00007159   Data           1  uart_sever.o(.constdata)
    Uart_CallBack_Char                       0x0000715a   Data           1  uart_sever.o(.constdata)
    Uart_CancelError_Char                    0x0000715b   Data           1  uart_sever.o(.constdata)
    Page_LOGO_WIN                            0x0000716c   Data         176  misc.o(.constdata)
    Page_LOGO                                0x0000721c   Data         112  misc.o(.constdata)
    Page_WILLBACK_HOME                       0x0000728c   Data          72  misc.o(.constdata)
    Page_BACK_HOME                           0x000072d4   Data          72  misc.o(.constdata)
    Page_KNOCK_HOME                          0x0000731c   Data          72  misc.o(.constdata)
    Page_LIMIT_HOME                          0x00007364   Data          72  misc.o(.constdata)
    Page_REMIND_HOME                         0x000073ac   Data          72  misc.o(.constdata)
    Page_BLANK_HOME                          0x000073f4   Data          72  misc.o(.constdata)
    Page_RUN_SIT                             0x0000743c   Data         128  misc.o(.constdata)
    Page_RUN_STAND                           0x000074bc   Data         128  misc.o(.constdata)
    Page_RUN_TOP                             0x0000753c   Data         128  misc.o(.constdata)
    Page_RUN_DOWN                            0x000075bc   Data         128  misc.o(.constdata)
    Page_RUN_GO                              0x0000763c   Data         128  misc.o(.constdata)
    Page_OK                                  0x000076bc   Data         128  misc.o(.constdata)
    Page_ERROR                               0x0000773c   Data         128  misc.o(.constdata)
    Page_PROBLEM                             0x000077bc   Data         128  misc.o(.constdata)
    Page_SETOK                               0x0000783c   Data          24  misc.o(.constdata)
    Page_STAND                               0x00007854   Data          96  misc.o(.constdata)
    Page_SIT                                 0x000078b4   Data          96  misc.o(.constdata)
    Page_ARROW_DOWN                          0x00007914   Data          12  misc.o(.constdata)
    Page_ARROW_UP                            0x00007920   Data          12  misc.o(.constdata)
    Page_NUM1                                0x0000792c   Data          72  misc.o(.constdata)
    Page_NUM2                                0x00007974   Data          72  misc.o(.constdata)
    Page_NUM3                                0x000079bc   Data          72  misc.o(.constdata)
    Page_NUM4                                0x00007a04   Data          72  misc.o(.constdata)
    Page_DOWN                                0x00007a4c   Data          32  misc.o(.constdata)
    Page_LIMITDWON                           0x00007a6c   Data          72  misc.o(.constdata)
    Page_LIMITTOP                            0x00007ab4   Data          72  misc.o(.constdata)
    RemindList                               0x00007afc   Data          10  menu_frame.o(.constdata)
    BlockBackList                            0x00007b06   Data           4  menu_frame.o(.constdata)
    WillBlockBackList                        0x00007b0a   Data           3  menu_frame.o(.constdata)
    BlockGoDownList                          0x00007b0d   Data           3  menu_frame.o(.constdata)
    UnitsetList                              0x00007b10   Data           3  menu_frame.o(.constdata)
    F16X32                                   0x00007b14   Data         768  lcd12864.o(.constdata)
    F11X22                                   0x00007e14   Data        2541  lcd12864.o(.constdata)
    FontHZ_Data                              0x00008802   Data        4760  lcd12864.o(.constdata)
    Region$$Table$$Base                      0x00009bb0   Number         0  anon$$obj.o(Region$$Table)
    Region$$Table$$Limit                     0x00009bd0   Number         0  anon$$obj.o(Region$$Table)
    SystemCoreClock                          0x20000000   Data           4  system_hc32l13x.o(.data)
    Beep_Struct                              0x20000004   Data           6  beep.o(.data)
    UART_STATE                               0x2000000a   Data           1  uart_sever.o(.data)
    u8RxData                                 0x20000014   Data           1  user_uart.o(.data)
    u16Rxdata                                0x20000016   Data           2  user_uart.o(.data)
    rx_index                                 0x20000018   Data           1  user_uart.o(.data)
    rx_lenth                                 0x20000019   Data           1  user_uart.o(.data)
    Back_To                                  0x2000001c   Data           1  misc.o(.data)
    RunTo_Slect                              0x2000001d   Data           1  misc.o(.data)
    Open_movie_time                          0x2000001e   Data           1  misc.o(.data)
    Menufont                                 0x20000030   Data          52  menu_frame.o(.data)
    Sitchagefont                             0x20000064   Data          20  menu_frame.o(.data)
    BlockBackfont                            0x20000078   Data          16  menu_frame.o(.data)
    WillBlockBackfont                        0x20000088   Data          12  menu_frame.o(.data)
    BlockGoDownfont                          0x20000094   Data          12  menu_frame.o(.data)
    MaxHightsetfont                          0x200000a0   Data          12  menu_frame.o(.data)
    MinHightsetfont                          0x200000ac   Data          12  menu_frame.o(.data)
    Unitsetfont                              0x200000b8   Data          12  menu_frame.o(.data)
    Resetsetfont                             0x200000c4   Data           8  menu_frame.o(.data)
    Versionfont                              0x200000cc   Data           8  menu_frame.o(.data)
    WM_Frame                                 0x200000dc   Data           4  lcd_drive.o(.data)
    Para_str                                 0x200000e0   Data          30  user_sever.o(.bss)
    Key_Struct                               0x200000fe   Data          12  key.o(.bss)
    Uart_1                                   0x2000010a   Data         466  user_uart.o(.bss)
    Menu_Frame_Foucus                        0x200002e8   Data          60  menu_frame.o(.bss)
    Sitchage_Frame_Foucus                    0x20000324   Data          60  menu_frame.o(.bss)
    BlockBack_Frame_Foucus                   0x20000360   Data          60  menu_frame.o(.bss)
    WillBlockBack_Frame_Foucus               0x2000039c   Data          60  menu_frame.o(.bss)
    KnockGoDown_Frame_Foucus                 0x200003d8   Data          60  menu_frame.o(.bss)
    MaxHightset_Frame_Foucus                 0x20000414   Data          60  menu_frame.o(.bss)
    MinHightset_Frame_Foucus                 0x20000450   Data          60  menu_frame.o(.bss)
    Unitset_Frame_Foucus                     0x2000048c   Data          60  menu_frame.o(.bss)
    Resetset_Frame_Foucus                    0x200004c8   Data          60  menu_frame.o(.bss)
    Version_Frame_Foucus                     0x20000504   Data          60  menu_frame.o(.bss)
    View_Memory                              0x20000540   Data        1024  lcd12864.o(.bss)
    LCDTimeOut_Str                           0x20000940   Data          16  lcd_drive.o(.bss)
    __initial_sp                             0x20000b50   Data           0  startup_hc32l13x.o(STACK)



==============================================================================

Memory Map of the image

  Image Entry point : 0x000000c1

  Load Region LR_IROM1 (Base: 0x00000000, Size: 0x00009cb0, Max: 0x00010000, ABSOLUTE)

    Execution Region ER_IROM1 (Exec base: 0x00000000, Load base: 0x00000000, Size: 0x00009bd0, Max: 0x00010000, ABSOLUTE)

    Exec Addr    Load Addr    Size         Type   Attr      Idx    E Section Name        Object

    0x00000000   0x00000000   0x000000c0   Data   RO            3    RESET               startup_hc32l13x.o
    0x000000c0   0x000000c0   0x00000000   Code   RO         3389  * .ARM.Collect$$$$00000000  mc_p.l(entry.o)
    0x000000c0   0x000000c0   0x00000004   Code   RO         3691    .ARM.Collect$$$$00000001  mc_p.l(entry2.o)
    0x000000c4   0x000000c4   0x00000004   Code   RO         3694    .ARM.Collect$$$$00000004  mc_p.l(entry5.o)
    0x000000c8   0x000000c8   0x00000000   Code   RO         3696    .ARM.Collect$$$$00000008  mc_p.l(entry7b.o)
    0x000000c8   0x000000c8   0x00000000   Code   RO         3698    .ARM.Collect$$$$0000000A  mc_p.l(entry8b.o)
    0x000000c8   0x000000c8   0x00000008   Code   RO         3699    .ARM.Collect$$$$0000000B  mc_p.l(entry9a.o)
    0x000000d0   0x000000d0   0x00000000   Code   RO         3701    .ARM.Collect$$$$0000000D  mc_p.l(entry10a.o)
    0x000000d0   0x000000d0   0x00000000   Code   RO         3703    .ARM.Collect$$$$0000000F  mc_p.l(entry11a.o)
    0x000000d0   0x000000d0   0x00000004   Code   RO         3692    .ARM.Collect$$$$00002712  mc_p.l(entry2.o)
    0x000000d4   0x000000d4   0x0000003c   Code   RO            4    .text               startup_hc32l13x.o
    0x00000110   0x00000110   0x0000002c   Code   RO         3392    .text               mc_p.l(uidiv.o)
    0x0000013c   0x0000013c   0x00000028   Code   RO         3394    .text               mc_p.l(idiv.o)
    0x00000164   0x00000164   0x00000024   Code   RO         3396    .text               mc_p.l(memcpya.o)
    0x00000188   0x00000188   0x000000b2   Code   RO         3663    .text               mf_p.l(fadd.o)
    0x0000023a   0x0000023a   0x0000007c   Code   RO         3665    .text               mf_p.l(fdiv.o)
    0x000002b6   0x000002b6   0x00000002   PAD
    0x000002b8   0x000002b8   0x000000d0   Code   RO         3667    .text               mf_p.l(dmul.o)
    0x00000388   0x00000388   0x00000016   Code   RO         3669    .text               mf_p.l(fflti.o)
    0x0000039e   0x0000039e   0x0000000e   Code   RO         3671    .text               mf_p.l(ffltui.o)
    0x000003ac   0x000003ac   0x00000028   Code   RO         3673    .text               mf_p.l(dflti.o)
    0x000003d4   0x000003d4   0x0000001c   Code   RO         3675    .text               mf_p.l(dfltui.o)
    0x000003f0   0x000003f0   0x00000032   Code   RO         3677    .text               mf_p.l(ffixi.o)
    0x00000422   0x00000422   0x00000028   Code   RO         3679    .text               mf_p.l(ffixui.o)
    0x0000044a   0x0000044a   0x00000002   PAD
    0x0000044c   0x0000044c   0x0000003c   Code   RO         3681    .text               mf_p.l(dfixui.o)
    0x00000488   0x00000488   0x00000028   Code   RO         3683    .text               mf_p.l(f2d.o)
    0x000004b0   0x000004b0   0x00000028   Code   RO         3685    .text               mf_p.l(cdcmple.o)
    0x000004d8   0x000004d8   0x00000014   Code   RO         3687    .text               mf_p.l(cfcmple.o)
    0x000004ec   0x000004ec   0x00000014   Code   RO         3689    .text               mf_p.l(cfrcmple.o)
    0x00000500   0x00000500   0x00000060   Code   RO         3705    .text               mc_p.l(uldiv.o)
    0x00000560   0x00000560   0x00000022   Code   RO         3707    .text               mc_p.l(llushr.o)
    0x00000582   0x00000582   0x00000000   Code   RO         3709    .text               mc_p.l(iusefp.o)
    0x00000582   0x00000582   0x00000082   Code   RO         3710    .text               mf_p.l(fepilogue.o)
    0x00000604   0x00000604   0x000000be   Code   RO         3712    .text               mf_p.l(depilogue.o)
    0x000006c2   0x000006c2   0x00000002   PAD
    0x000006c4   0x000006c4   0x00000164   Code   RO         3716    .text               mf_p.l(dadd.o)
    0x00000828   0x00000828   0x000000f0   Code   RO         3718    .text               mf_p.l(ddiv.o)
    0x00000918   0x00000918   0x00000040   Code   RO         3720    .text               mf_p.l(dfixul.o)
    0x00000958   0x00000958   0x00000028   Code   RO         3722    .text               mf_p.l(cdrcmple.o)
    0x00000980   0x00000980   0x00000024   Code   RO         3724    .text               mc_p.l(init.o)
    0x000009a4   0x000009a4   0x00000020   Code   RO         3726    .text               mc_p.l(llshl.o)
    0x000009c4   0x000009c4   0x00000026   Code   RO         3728    .text               mc_p.l(llsshr.o)
    0x000009ea   0x000009ea   0x00000008   Code   RO           94    i.ADC_IRQHandler    interrupts_hc32l13x.o
    0x000009f2   0x000009f2   0x00000026   Code   RO          443    i.App_ClkInit       main.o
    0x00000a18   0x00000a18   0x00000044   Code   RO         3155    i.App_GpioInit      lcd12864.o
    0x00000a5c   0x00000a5c   0x00000048   Code   RO         2837    i.App_PortInit      user_uart.o
    0x00000aa4   0x00000aa4   0x00000034   Code   RO          444    i.App_Rch4MHzTo24MHz  main.o
    0x00000ad8   0x00000ad8   0x00000028   Code   RO         3156    i.App_SPIInit       lcd12864.o
    0x00000b00   0x00000b00   0x00000084   Code   RO         2536    i.App_Timer0Cfg     beep.o
    0x00000b84   0x00000b84   0x00000046   Code   RO         2537    i.App_Timer0PortCfg  beep.o
    0x00000bca   0x00000bca   0x00000072   Code   RO         2701    i.App_Timer2Cfg     timer.o
    0x00000c3c   0x00000c3c   0x0000006c   Code   RO         2838    i.App_UartCfg       user_uart.o
    0x00000ca8   0x00000ca8   0x00000178   Code   RO         3006    i.AutoBlence_Frame  menu_frame.o
    0x00000e20   0x00000e20   0x000000c8   Code   RO         2538    i.Beep_Deal         beep.o
    0x00000ee8   0x00000ee8   0x00000018   Code   RO         2539    i.Beep_Interrupt    beep.o
    0x00000f00   0x00000f00   0x0000003c   Code   RO         2540    i.Beep_SetNum       beep.o
    0x00000f3c   0x00000f3c   0x000001ac   Code   RO         3007    i.BlockBack_Frame   menu_frame.o
    0x000010e8   0x000010e8   0x00000010   Code   RO         3008    i.BlockBack_Frame_Init  menu_frame.o
    0x000010f8   0x000010f8   0x00000150   Code   RO         3009    i.BlockCheck_Frame  menu_frame.o
    0x00001248   0x00001248   0x00000018   Code   RO         1149    i.Bt_ClearAllIntFlag  bt.o
    0x00001260   0x00001260   0x0000001c   Code   RO         1150    i.Bt_ClearIntFlag   bt.o
    0x0000127c   0x0000127c   0x0000001c   Code   RO         1151    i.Bt_GetIntFlag     bt.o
    0x00001298   0x00001298   0x00000020   Code   RO         1152    i.Bt_M0_ARRSet      bt.o
    0x000012b8   0x000012b8   0x00000020   Code   RO         1154    i.Bt_M0_Cnt16Set    bt.o
    0x000012d8   0x000012d8   0x0000001c   Code   RO         1158    i.Bt_M0_Run         bt.o
    0x000012f4   0x000012f4   0x00000030   Code   RO         1167    i.Bt_M23_ARRSet     bt.o
    0x00001324   0x00001324   0x0000003c   Code   RO         1170    i.Bt_M23_CCR_Set    bt.o
    0x00001360   0x00001360   0x00000020   Code   RO         1172    i.Bt_M23_Cnt16Set   bt.o
    0x00001380   0x00001380   0x00000038   Code   RO         1176    i.Bt_M23_EnPWM_Output  bt.o
    0x000013b8   0x000013b8   0x000000b8   Code   RO         1186    i.Bt_M23_PortOutput_Cfg  bt.o
    0x00001470   0x00001470   0x0000001c   Code   RO         1187    i.Bt_M23_Run        bt.o
    0x0000148c   0x0000148c   0x0000001c   Code   RO         1192    i.Bt_Mode0_EnableIrq  bt.o
    0x000014a8   0x000014a8   0x00000098   Code   RO         1193    i.Bt_Mode0_Init     bt.o
    0x00001540   0x00001540   0x000000a8   Code   RO         1199    i.Bt_Mode23_Init    bt.o
    0x000015e8   0x000015e8   0x00000008   Code   RO           95    i.CLKTRIM_IRQHandler  interrupts_hc32l13x.o
    0x000015f0   0x000015f0   0x00000038   Code   RO         2608    i.CRC16MODBUS       crc16.o
    0x00001628   0x00001628   0x00000104   Code   RO         2894    i.Change_Sit_Stand  misc.o
    0x0000172c   0x0000172c   0x00000150   Code   RO         3010    i.CheckBlence_Frame  menu_frame.o
    0x0000187c   0x0000187c   0x00000028   Code   RO         3157    i.ClearFrame        lcd12864.o
    0x000018a4   0x000018a4   0x00000014   Code   RO         3315    i.Creat_Frame       lcd_drive.o
    0x000018b8   0x000018b8   0x00000008   Code   RO           96    i.DMAC_IRQHandler   interrupts_hc32l13x.o
    0x000018c0   0x000018c0   0x00000078   Code   RO         3316    i.Decrease_Focus    lcd_drive.o
    0x00001938   0x00001938   0x00000068   Code   RO         2895    i.ERROR_Frame       misc.o
    0x000019a0   0x000019a0   0x00000080   Code   RO           97    i.EnableNvic        interrupts_hc32l13x.o
    0x00001a20   0x00001a20   0x0000000c   Code   RO           98    i.FLASH_RAM_IRQHandler  interrupts_hc32l13x.o
    0x00001a2c   0x00001a2c   0x00000038   Code   RO         3160    i.FONT_GetFontLattice  lcd12864.o
    0x00001a64   0x00001a64   0x00000034   Code   RO         1574    i.Flash_WaitCycle   flash.o
    0x00001a98   0x00001a98   0x00000030   Code   RO         3161    i.GRAM_Clear        lcd12864.o
    0x00001ac8   0x00001ac8   0x00000060   Code   RO         3162    i.GRAM_ClearPoint   lcd12864.o
    0x00001b28   0x00001b28   0x00000060   Code   RO         3164    i.GRAM_DrawPoint    lcd12864.o
    0x00001b88   0x00001b88   0x00000030   Code   RO         3165    i.GRAM_Fill         lcd12864.o
    0x00001bb8   0x00001bb8   0x000001b0   Code   RO         3166    i.GRAM_ShowChar     lcd12864.o
    0x00001d68   0x00001d68   0x0000015c   Code   RO         3167    i.GRAM_ShowChina    lcd12864.o
    0x00001ec4   0x00001ec4   0x00000110   Code   RO         3168    i.GRAM_ShowLattice  lcd12864.o
    0x00001fd4   0x00001fd4   0x000000d6   Code   RO         3169    i.GRAM_ShowString   lcd12864.o
    0x000020aa   0x000020aa   0x0000000c   Code   RO          491    i.GetBit            ddl.o
    0x000020b6   0x000020b6   0x00000024   Code   RO         3317    i.GetLang           lcd_drive.o
    0x000020da   0x000020da   0x00000002   PAD
    0x000020dc   0x000020dc   0x0000001c   Code   RO         1666    i.Gpio_ClrIO        gpio.o
    0x000020f8   0x000020f8   0x00000018   Code   RO         1671    i.Gpio_GetInputIO   gpio.o
    0x00002110   0x00002110   0x00000090   Code   RO         1673    i.Gpio_Init         gpio.o
    0x000021a0   0x000021a0   0x00000014   Code   RO         1675    i.Gpio_SetAfMode    gpio.o
    0x000021b4   0x000021b4   0x0000001c   Code   RO         1678    i.Gpio_SetIO        gpio.o
    0x000021d0   0x000021d0   0x0000001c   Code   RO         1690    i.Gpio_WriteOutputIO  gpio.o
    0x000021ec   0x000021ec   0x00000010   Code   RO           99    i.HardFault_Handler  interrupts_hc32l13x.o
    0x000021fc   0x000021fc   0x000002fc   Code   RO         2896    i.HightSave_Frame   misc.o
    0x000024f8   0x000024f8   0x000002a0   Code   RO         2897    i.HightSavetWinkle_Frame  misc.o
    0x00002798   0x00002798   0x00000008   Code   RO          100    i.I2C0_IRQHandler   interrupts_hc32l13x.o
    0x000027a0   0x000027a0   0x00000008   Code   RO          101    i.I2C1_IRQHandler   interrupts_hc32l13x.o
    0x000027a8   0x000027a8   0x0000007c   Code   RO         3318    i.Increase_Focus    lcd_drive.o
    0x00002824   0x00002824   0x00000018   Code   RO         2656    i.KEY_Time_Interrupt  key.o
    0x0000283c   0x0000283c   0x000000d0   Code   RO         2657    i.Key_Deal          key.o
    0x0000290c   0x0000290c   0x000001a8   Code   RO         3011    i.KnockGoDown_Frame  menu_frame.o
    0x00002ab4   0x00002ab4   0x00000010   Code   RO         3012    i.KnockGoDown_Frame_Init  menu_frame.o
    0x00002ac4   0x00002ac4   0x000003e8   Code   RO         3170    i.LCD12864_INIT     lcd12864.o
    0x00002eac   0x00002eac   0x0000000c   Code   RO         3171    i.LCDSpi_Init       lcd12864.o
    0x00002eb8   0x00002eb8   0x0000005c   Code   RO         3319    i.LCD_Control       lcd_drive.o
    0x00002f14   0x00002f14   0x0000003e   Code   RO         3172    i.LCD_IO_Init       lcd12864.o
    0x00002f52   0x00002f52   0x00000008   Code   RO          102    i.LCD_IRQHandler    interrupts_hc32l13x.o
    0x00002f5a   0x00002f5a   0x00000002   PAD
    0x00002f5c   0x00002f5c   0x0000003c   Code   RO         3320    i.LCD_Interrupt     lcd_drive.o
    0x00002f98   0x00002f98   0x00000008   Code   RO          103    i.LPTIM_IRQHandler  interrupts_hc32l13x.o
    0x00002fa0   0x00002fa0   0x00000008   Code   RO          104    i.LPUART0_IRQHandler  interrupts_hc32l13x.o
    0x00002fa8   0x00002fa8   0x00000008   Code   RO          105    i.LPUART1_IRQHandler  interrupts_hc32l13x.o
    0x00002fb0   0x00002fb0   0x00000008   Code   RO          106    i.LVD_IRQHandler    interrupts_hc32l13x.o
    0x00002fb8   0x00002fb8   0x000000a4   Code   RO         3321    i.Lcd_Read_Time     lcd_drive.o
    0x0000305c   0x0000305c   0x0000006c   Code   RO         3322    i.Lcd_Write_Time    lcd_drive.o
    0x000030c8   0x000030c8   0x000002f0   Code   RO         2898    i.Main_Frame        misc.o
    0x000033b8   0x000033b8   0x000001a4   Code   RO         3013    i.MaxHightset_Frame  menu_frame.o
    0x0000355c   0x0000355c   0x00000010   Code   RO         3014    i.MaxHightset_Frame_Init  menu_frame.o
    0x0000356c   0x0000356c   0x00000298   Code   RO         3015    i.Menu_Frame        menu_frame.o
    0x00003804   0x00003804   0x00000010   Code   RO         3016    i.Menu_Frame_Init   menu_frame.o
    0x00003814   0x00003814   0x000001a8   Code   RO         3017    i.MinHightset_Frame  menu_frame.o
    0x000039bc   0x000039bc   0x00000010   Code   RO         3018    i.MinHightset_Frame_Init  menu_frame.o
    0x000039cc   0x000039cc   0x00000068   Code   RO         2899    i.OK_Frame          misc.o
    0x00003a34   0x00003a34   0x000000c0   Code   RO         2900    i.Open_movie        misc.o
    0x00003af4   0x00003af4   0x00000008   Code   RO          107    i.PCA_IRQHandler    interrupts_hc32l13x.o
    0x00003afc   0x00003afc   0x00000008   Code   RO          108    i.PCNT_IRQHandler   interrupts_hc32l13x.o
    0x00003b04   0x00003b04   0x00000008   Code   RO          109    i.PORTA_IRQHandler  interrupts_hc32l13x.o
    0x00003b0c   0x00003b0c   0x00000008   Code   RO          110    i.PORTB_IRQHandler  interrupts_hc32l13x.o
    0x00003b14   0x00003b14   0x00000008   Code   RO          111    i.PORTC_IRQHandler  interrupts_hc32l13x.o
    0x00003b1c   0x00003b1c   0x00000008   Code   RO          112    i.PORTD_IRQHandler  interrupts_hc32l13x.o
    0x00003b24   0x00003b24   0x000001b0   Code   RO          331    i.Para_read         user_sever.o
    0x00003cd4   0x00003cd4   0x00000404   Code   RO          332    i.Para_write        user_sever.o
    0x000040d8   0x000040d8   0x000000cc   Code   RO         2658    i.Press_Scan        key.o
    0x000041a4   0x000041a4   0x0000008c   Code   RO         2901    i.Problem_Frame     misc.o
    0x00004230   0x00004230   0x00000008   Code   RO          113    i.RTC_IRQHandler    interrupts_hc32l13x.o
    0x00004238   0x00004238   0x000001fc   Code   RO         3019    i.Reseting_Frame    menu_frame.o
    0x00004434   0x00004434   0x00000140   Code   RO         3020    i.Resetset_Frame    menu_frame.o
    0x00004574   0x00004574   0x00000010   Code   RO         3021    i.Resetset_Frame_Init  menu_frame.o
    0x00004584   0x00004584   0x0000002c   Code   RO         2627    i.RingBuf_Read      dui.o
    0x000045b0   0x000045b0   0x00000032   Code   RO         2628    i.RingBuf_Write     dui.o
    0x000045e2   0x000045e2   0x00000002   PAD
    0x000045e4   0x000045e4   0x00000160   Code   RO         2902    i.Ring_Frame        misc.o
    0x00004744   0x00004744   0x00000330   Code   RO         2903    i.Run_Frame         misc.o
    0x00004a74   0x00004a74   0x000001b8   Code   RO         2904    i.RunisSet_Frame    misc.o
    0x00004c2c   0x00004c2c   0x00000008   Code   RO          114    i.SPI0_IRQHandler   interrupts_hc32l13x.o
    0x00004c34   0x00004c34   0x00000008   Code   RO          115    i.SPI1_IRQHandler   interrupts_hc32l13x.o
    0x00004c3c   0x00004c3c   0x0000001e   Code   RO          493    i.SetBit            ddl.o
    0x00004c5a   0x00004c5a   0x00000002   PAD
    0x00004c5c   0x00004c5c   0x00000094   Code   RO         2905    i.SetOverError_Frame  misc.o
    0x00004cf0   0x00004cf0   0x00000070   Code   RO         3323    i.Set_Focus         lcd_drive.o
    0x00004d60   0x00004d60   0x00000010   Code   RO         3022    i.Sitchage_Frame_Init  menu_frame.o
    0x00004d70   0x00004d70   0x000001b4   Code   RO         3023    i.Sitchange_Frame   menu_frame.o
    0x00004f24   0x00004f24   0x00000012   Code   RO         2162    i.Spi_GetStatus     spi.o
    0x00004f36   0x00004f36   0x00000020   Code   RO         2163    i.Spi_Init          spi.o
    0x00004f56   0x00004f56   0x00000008   Code   RO         2167    i.Spi_SendData      spi.o
    0x00004f5e   0x00004f5e   0x00000004   Code   RO         2168    i.Spi_SetCS         spi.o
    0x00004f62   0x00004f62   0x00000002   PAD
    0x00004f64   0x00004f64   0x0000004c   Code   RO         2906    i.Standby_Frame     misc.o
    0x00004fb0   0x00004fb0   0x00000008   Code   RO          116    i.SysTick_Handler   interrupts_hc32l13x.o
    0x00004fb8   0x00004fb8   0x0000006a   Code   RO          594    i.Sysctrl_ClkInit   sysctrl.o
    0x00005022   0x00005022   0x00000002   PAD
    0x00005024   0x00005024   0x0000011c   Code   RO          595    i.Sysctrl_ClkSourceEnable  sysctrl.o
    0x00005140   0x00005140   0x00000174   Code   RO          596    i.Sysctrl_GetHClkFreq  sysctrl.o
    0x000052b4   0x000052b4   0x00000020   Code   RO          597    i.Sysctrl_GetPClkFreq  sysctrl.o
    0x000052d4   0x000052d4   0x00000028   Code   RO          600    i.Sysctrl_SetHCLKDiv  sysctrl.o
    0x000052fc   0x000052fc   0x00000028   Code   RO          601    i.Sysctrl_SetPCLKDiv  sysctrl.o
    0x00005324   0x00005324   0x00000024   Code   RO          603    i.Sysctrl_SetPLLStableTime  sysctrl.o
    0x00005348   0x00005348   0x00000018   Code   RO          604    i.Sysctrl_SetPeripheralGate  sysctrl.o
    0x00005360   0x00005360   0x00000028   Code   RO          605    i.Sysctrl_SetRCHTrim  sysctrl.o
    0x00005388   0x00005388   0x00000024   Code   RO          606    i.Sysctrl_SetRCLStableTime  sysctrl.o
    0x000053ac   0x000053ac   0x00000028   Code   RO          607    i.Sysctrl_SetRCLTrim  sysctrl.o
    0x000053d4   0x000053d4   0x00000020   Code   RO          610    i.Sysctrl_SetXTHStableTime  sysctrl.o
    0x000053f4   0x000053f4   0x00000020   Code   RO          611    i.Sysctrl_SetXTLStableTime  sysctrl.o
    0x00005414   0x00005414   0x0000002c   Code   RO          612    i.Sysctrl_SysClkSwitch  sysctrl.o
    0x00005440   0x00005440   0x0000001c   Code   RO          613    i.Sysctrl_XTHDriverCfg  sysctrl.o
    0x0000545c   0x0000545c   0x00000034   Code   RO          614    i.Sysctrl_XTLDriverCfg  sysctrl.o
    0x00005490   0x00005490   0x00000010   Code   RO           12    i.SystemCoreClockUpdate  system_hc32l13x.o
    0x000054a0   0x000054a0   0x00000008   Code   RO           13    i.SystemInit        system_hc32l13x.o
    0x000054a8   0x000054a8   0x00000008   Code   RO          117    i.TIM0_IRQHandler   interrupts_hc32l13x.o
    0x000054b0   0x000054b0   0x00000008   Code   RO          118    i.TIM1_IRQHandler   interrupts_hc32l13x.o
    0x000054b8   0x000054b8   0x00000008   Code   RO          119    i.TIM2_IRQHandler   interrupts_hc32l13x.o
    0x000054c0   0x000054c0   0x00000008   Code   RO          120    i.TIM3_IRQHandler   interrupts_hc32l13x.o
    0x000054c8   0x000054c8   0x00000008   Code   RO          121    i.TIM4_IRQHandler   interrupts_hc32l13x.o
    0x000054d0   0x000054d0   0x00000008   Code   RO          122    i.TIM5_IRQHandler   interrupts_hc32l13x.o
    0x000054d8   0x000054d8   0x00000008   Code   RO          123    i.TIM6_IRQHandler   interrupts_hc32l13x.o
    0x000054e0   0x000054e0   0x00000024   Code   RO         2702    i.Tim2_IRQHandler   timer.o
    0x00005504   0x00005504   0x00000008   Code   RO          124    i.UART0_IRQHandler  interrupts_hc32l13x.o
    0x0000550c   0x0000550c   0x00000008   Code   RO          125    i.UART1_IRQHandler  interrupts_hc32l13x.o
    0x00005514   0x00005514   0x000000b8   Code   RO         2839    i.Uart1_IRQHandler  user_uart.o
    0x000055cc   0x000055cc   0x00000010   Code   RO         2733    i.Uart_CallBack     uart_sever.o
    0x000055dc   0x000055dc   0x0000001c   Code   RO         2734    i.Uart_CancelError  uart_sever.o
    0x000055f8   0x000055f8   0x00000016   Code   RO         2305    i.Uart_ClrStatus    uart.o
    0x0000560e   0x0000560e   0x00000014   Code   RO         2308    i.Uart_EnableFunc   uart.o
    0x00005622   0x00005622   0x00000014   Code   RO         2309    i.Uart_EnableIrq    uart.o
    0x00005636   0x00005636   0x00000018   Code   RO         2312    i.Uart_GetStatus    uart.o
    0x0000564e   0x0000564e   0x00000002   PAD
    0x00005650   0x00005650   0x0000006c   Code   RO         2313    i.Uart_Init         uart.o
    0x000056bc   0x000056bc   0x00000008   Code   RO         2314    i.Uart_ReceiveData  uart.o
    0x000056c4   0x000056c4   0x00000028   Code   RO         2735    i.Uart_RunToSet     uart_sever.o
    0x000056ec   0x000056ec   0x0000003a   Code   RO         2316    i.Uart_SendDataPoll  uart.o
    0x00005726   0x00005726   0x00000002   PAD
    0x00005728   0x00005728   0x0000001c   Code   RO         2736    i.Uart_Send_AutoBalence  uart_sever.o
    0x00005744   0x00005744   0x0000001c   Code   RO         2737    i.Uart_Send_CheckBalence  uart_sever.o
    0x00005760   0x00005760   0x0000001c   Code   RO         2738    i.Uart_Send_CheckBlock  uart_sever.o
    0x0000577c   0x0000577c   0x0000001c   Code   RO         2739    i.Uart_Send_Forward  uart_sever.o
    0x00005798   0x00005798   0x00000010   Code   RO         2740    i.Uart_Send_ReadHight  uart_sever.o
    0x000057a8   0x000057a8   0x0000001c   Code   RO         2741    i.Uart_Send_Reset   uart_sever.o
    0x000057c4   0x000057c4   0x00000010   Code   RO         2742    i.Uart_Start        uart_sever.o
    0x000057d4   0x000057d4   0x000001b0   Code   RO         2743    i.Uart_deal_message  uart_sever.o
    0x00005984   0x00005984   0x000001dc   Code   RO         2744    i.Uart_parse        uart_sever.o
    0x00005b60   0x00005b60   0x000001a8   Code   RO         3024    i.Unitset_Frame     menu_frame.o
    0x00005d08   0x00005d08   0x00000010   Code   RO         3025    i.Unitset_Frame_Init  menu_frame.o
    0x00005d18   0x00005d18   0x00000008   Code   RO          126    i.VC0_IRQHandler    interrupts_hc32l13x.o
    0x00005d20   0x00005d20   0x00000008   Code   RO          127    i.VC1_IRQHandler    interrupts_hc32l13x.o
    0x00005d28   0x00005d28   0x000000b4   Code   RO         3026    i.Version_Frame     menu_frame.o
    0x00005ddc   0x00005ddc   0x00000010   Code   RO         3027    i.Version_Frame_Init  menu_frame.o
    0x00005dec   0x00005dec   0x00000008   Code   RO          128    i.WDT_IRQHandler    interrupts_hc32l13x.o
    0x00005df4   0x00005df4   0x000001a8   Code   RO         3028    i.WillBlockBack_Frame  menu_frame.o
    0x00005f9c   0x00005f9c   0x00000010   Code   RO         3029    i.WillBlockBack_Frame_Init  menu_frame.o
    0x00005fac   0x00005fac   0x00000018   Code   RO          615    i._SysctrlUnlock    sysctrl.o
    0x00005fc4   0x00005fc4   0x00000028   Code   RO         3637    i.__0sprintf        mc_p.l(printfa.o)
    0x00005fec   0x00005fec   0x0000002e   Code   RO         3714    i.__ARM_clz         mf_p.l(depilogue.o)
    0x0000601a   0x0000601a   0x0000001c   Code   RO          373    i.__ARM_common_switch8  user_sever.o
    0x00006036   0x00006036   0x00000002   PAD
    0x00006038   0x00006038   0x00000078   Code   RO          129    i.__NVIC_SetPriority  interrupts_hc32l13x.o
    0x000060b0   0x000060b0   0x0000000e   Code   RO         3732    i.__scatterload_copy  mc_p.l(handlers.o)
    0x000060be   0x000060be   0x00000002   Code   RO         3733    i.__scatterload_null  mc_p.l(handlers.o)
    0x000060c0   0x000060c0   0x0000000e   Code   RO         3734    i.__scatterload_zeroinit  mc_p.l(handlers.o)
    0x000060ce   0x000060ce   0x00000002   PAD
    0x000060d0   0x000060d0   0x00000174   Code   RO         3642    i._fp_digits        mc_p.l(printfa.o)
    0x00006244   0x00006244   0x000006ec   Code   RO         3643    i._printf_core      mc_p.l(printfa.o)
    0x00006930   0x00006930   0x00000020   Code   RO         3644    i._printf_post_padding  mc_p.l(printfa.o)
    0x00006950   0x00006950   0x0000002c   Code   RO         3645    i._printf_pre_padding  mc_p.l(printfa.o)
    0x0000697c   0x0000697c   0x0000000a   Code   RO         3647    i._sputc            mc_p.l(printfa.o)
    0x00006986   0x00006986   0x00000002   PAD
    0x00006988   0x00006988   0x00000028   Code   RO         2541    i.beep_init         beep.o
    0x000069b0   0x000069b0   0x00000020   Code   RO         2542    i.beep_write        beep.o
    0x000069d0   0x000069d0   0x000000a0   Code   RO         3173    i.clear_page_edge   lcd12864.o
    0x00006a70   0x00006a70   0x0000002c   Code   RO         3174    i.clear_screen      lcd12864.o
    0x00006a9c   0x00006a9c   0x00000020   Code   RO          497    i.ddl_memclr        ddl.o
    0x00006abc   0x00006abc   0x00000058   Code   RO          500    i.delay1ms          ddl.o
    0x00006b14   0x00006b14   0x0000007c   Code   RO         2907    i.dis_Hight         misc.o
    0x00006b90   0x00006b90   0x00000050   Code   RO         3175    i.full_display      lcd12864.o
    0x00006be0   0x00006be0   0x00000066   Code   RO         2659    i.key_init          key.o
    0x00006c46   0x00006c46   0x00000002   PAD
    0x00006c48   0x00006c48   0x00000080   Code   RO         3176    i.lcd_address       lcd12864.o
    0x00006cc8   0x00006cc8   0x0000005c   Code   RO         3177    i.lcd_switch        lcd12864.o
    0x00006d24   0x00006d24   0x0000003a   Code   RO         2543    i.led_init          beep.o
    0x00006d5e   0x00006d5e   0x0000001c   Code   RO         2544    i.led_write         beep.o
    0x00006d7a   0x00006d7a   0x00000014   Code   RO          445    i.main              main.o
    0x00006d8e   0x00006d8e   0x00000002   PAD
    0x00006d90   0x00006d90   0x00000050   Code   RO         2745    i.make_uartSend_Data  uart_sever.o
    0x00006de0   0x00006de0   0x00000064   Code   RO         2908    i.retry_Frame       misc.o
    0x00006e44   0x00006e44   0x00000014   Code   RO         2703    i.timer2_init       timer.o
    0x00006e58   0x00006e58   0x0000000c   Code   RO         2840    i.uart_init         user_uart.o
    0x00006e64   0x00006e64   0x00000028   Code   RO         2841    i.uart_read         user_uart.o
    0x00006e8c   0x00006e8c   0x00000020   Code   RO         2842    i.uart_write        user_uart.o
    0x00006eac   0x00006eac   0x0000003c   Code   RO          333    i.user_init         user_sever.o
    0x00006ee8   0x00006ee8   0x00000048   Code   RO          334    i.user_work         user_sever.o
    0x00006f30   0x00006f30   0x00000004   Data   RO          336    .constdata          user_sever.o
    0x00006f34   0x00006f34   0x00000018   Data   RO          616    .constdata          sysctrl.o
    0x00006f4c   0x00006f4c   0x00000008   Data   RO         2320    .constdata          uart.o
    0x00006f54   0x00006f54   0x00000200   Data   RO         2609    .constdata          crc16.o
    0x00007154   0x00007154   0x00000018   Data   RO         2746    .constdata          uart_sever.o
    0x0000716c   0x0000716c   0x00000990   Data   RO         2910    .constdata          misc.o
    0x00007afc   0x00007afc   0x00000017   Data   RO         3031    .constdata          menu_frame.o
    0x00007b13   0x00007b13   0x00000001   PAD
    0x00007b14   0x00007b14   0x00001f86   Data   RO         3179    .constdata          lcd12864.o
    0x00009a9a   0x00009a9a   0x00000002   PAD
    0x00009a9c   0x00009a9c   0x00000111   Data   RO         3032    .conststring        menu_frame.o
    0x00009bad   0x00009bad   0x00000003   PAD
    0x00009bb0   0x00009bb0   0x00000020   Data   RO         3730    Region$$Table       anon$$obj.o


    Execution Region RW_IRAM1 (Exec base: 0x20000000, Load base: 0x00009bd0, Size: 0x00000b50, Max: 0x00002000, ABSOLUTE)

    Exec Addr    Load Addr    Size         Type   Attr      Idx    E Section Name        Object

    0x20000000   0x00009bd0   0x00000004   Data   RW           14    .data               system_hc32l13x.o
    0x20000004   0x00009bd4   0x00000006   Data   RW         2545    .data               beep.o
    0x2000000a   0x00009bda   0x00000009   Data   RW         2747    .data               uart_sever.o
    0x20000013   0x00009be3   0x00000001   PAD
    0x20000014   0x00009be4   0x00000006   Data   RW         2844    .data               user_uart.o
    0x2000001a   0x00009bea   0x00000002   PAD
    0x2000001c   0x00009bec   0x00000013   Data   RW         2911    .data               misc.o
    0x2000002f   0x00009bff   0x00000001   PAD
    0x20000030   0x00009c00   0x000000a9   Data   RW         3033    .data               menu_frame.o
    0x200000d9   0x00009ca9   0x00000003   PAD
    0x200000dc   0x00009cac   0x00000004   Data   RW         3325    .data               lcd_drive.o
    0x200000e0        -       0x0000001e   Zero   RW          335    .bss                user_sever.o
    0x200000fe        -       0x0000000c   Zero   RW         2660    .bss                key.o
    0x2000010a        -       0x000001d2   Zero   RW         2843    .bss                user_uart.o
    0x200002dc        -       0x0000000a   Zero   RW         2909    .bss                misc.o
    0x200002e6   0x00009cb0   0x00000002   PAD
    0x200002e8        -       0x00000258   Zero   RW         3030    .bss                menu_frame.o
    0x20000540        -       0x00000400   Zero   RW         3178    .bss                lcd12864.o
    0x20000940        -       0x00000010   Zero   RW         3324    .bss                lcd_drive.o
    0x20000950        -       0x00000200   Zero   RW            1    STACK               startup_hc32l13x.o


==============================================================================

Image component sizes


      Code (inc. data)   RO Data    RW Data    ZI Data      Debug   Object Name

       644         18          0          6          0       5269   beep.o
       928         76          0          0          0      10415   bt.o
        56         10        512          0          0       1314   crc16.o
       162         12          0          0          0       2762   ddl.o
        94          0          0          0          0       1431   dui.o
        52         14          0          0          0        602   flash.o
       272         40          0          0          0       4174   gpio.o
       532         18          0          0          0      26536   interrupts_hc32l13x.o
       538         14          0          0         12       3651   key.o
      3336         82       8070          0       1024      16916   lcd12864.o
       836         68          0          4         16       7179   lcd_drive.o
       110          0          0          0          0       1986   main.o
      5860        680        296        169        600      16448   menu_frame.o
      5044        620       2448         19         10      12738   misc.o
        62          0          0          0          0       2722   spi.o
        60         22        192          0        512        672   startup_hc32l13x.o
      1262        124         24          0          0      11773   sysctrl.o
        24          4          0          4          0     126135   system_hc32l13x.o
       170          4          0          0          0       1620   timer.o
       260          6          8          0          0       4808   uart.o
      1244        150         24          9          0       8714   uart_sever.o
      1620        118          4          0         30      19345   user_sever.o
       448         36          0          6        466       4659   user_uart.o

    ----------------------------------------------------------------------
     23636       2116      11616        224       2672     291869   Object Totals
         0          0         32          0          0          0   (incl. Generated)
        22          0          6          7          2          0   (incl. Padding)

    ----------------------------------------------------------------------

      Code (inc. data)   RO Data    RW Data    ZI Data      Debug   Library Member Name

         0          0          0          0          0          0   entry.o
         0          0          0          0          0          0   entry10a.o
         0          0          0          0          0          0   entry11a.o
         8          4          0          0          0          0   entry2.o
         4          0          0          0          0          0   entry5.o
         0          0          0          0          0          0   entry7b.o
         0          0          0          0          0          0   entry8b.o
         8          4          0          0          0          0   entry9a.o
        30          0          0          0          0          0   handlers.o
        40          0          0          0          0         72   idiv.o
        36          8          0          0          0         68   init.o
         0          0          0          0          0          0   iusefp.o
        32          0          0          0          0         68   llshl.o
        38          0          0          0          0         68   llsshr.o
        34          0          0          0          0         68   llushr.o
        36          0          0          0          0         60   memcpya.o
      2270         94          0          0          0        472   printfa.o
        44          0          0          0          0         72   uidiv.o
        96          0          0          0          0         84   uldiv.o
        40          2          0          0          0         68   cdcmple.o
        40          2          0          0          0         68   cdrcmple.o
        20          0          0          0          0         68   cfcmple.o
        20          0          0          0          0         68   cfrcmple.o
       356          4          0          0          0        140   dadd.o
       240          6          0          0          0         84   ddiv.o
       236          0          0          0          0        216   depilogue.o
        60         10          0          0          0         68   dfixui.o
        64         10          0          0          0         68   dfixul.o
        40          6          0          0          0         68   dflti.o
        28          4          0          0          0         68   dfltui.o
       208          6          0          0          0         88   dmul.o
        40          0          0          0          0         60   f2d.o
       178          0          0          0          0        108   fadd.o
       124          0          0          0          0         72   fdiv.o
       130          0          0          0          0        144   fepilogue.o
        50          0          0          0          0         60   ffixi.o
        40          0          0          0          0         60   ffixui.o
        22          0          0          0          0         68   fflti.o
        14          0          0          0          0         68   ffltui.o

    ----------------------------------------------------------------------
      4636        160          0          0          0       2744   Library Totals
        10          0          0          0          0          0   (incl. Padding)

    ----------------------------------------------------------------------

      Code (inc. data)   RO Data    RW Data    ZI Data      Debug   Library Name

      2676        110          0          0          0       1032   mc_p.l
      1950         50          0          0          0       1712   mf_p.l

    ----------------------------------------------------------------------
      4636        160          0          0          0       2744   Library Totals

    ----------------------------------------------------------------------

==============================================================================


      Code (inc. data)   RO Data    RW Data    ZI Data      Debug   

     28272       2276      11616        224       2672     284393   Grand Totals
     28272       2276      11616        224       2672     284393   ELF Image Totals
     28272       2276      11616        224          0          0   ROM Totals

==============================================================================

    Total RO  Size (Code + RO Data)                39888 (  38.95kB)
    Total RW  Size (RW Data + ZI Data)              2896 (   2.83kB)
    Total ROM Size (Code + RO Data + RW Data)      40112 (  39.17kB)

==============================================================================

